Archive member included to satisfy reference by file (symbol)

e:/stm32cubeide_1.11.0/stm32cubeide/plugins/com.st.stm32cube.ide.mcu.externaltools.gnu-tools-for-stm32.10.3-2021.10.win32_1.0.100.202210260954/tools/bin/../lib/gcc/arm-none-eabi/10.3.1/../../../../arm-none-eabi/lib/thumb/v7e-m+fp/hard\libc_nano.a(lib_a-errno.o)
                              ./Core/Src/syscalls.o (__errno)
e:/stm32cubeide_1.11.0/stm32cubeide/plugins/com.st.stm32cube.ide.mcu.externaltools.gnu-tools-for-stm32.10.3-2021.10.win32_1.0.100.202210260954/tools/bin/../lib/gcc/arm-none-eabi/10.3.1/../../../../arm-none-eabi/lib/thumb/v7e-m+fp/hard\libc_nano.a(lib_a-exit.o)
                              e:/stm32cubeide_1.11.0/stm32cubeide/plugins/com.st.stm32cube.ide.mcu.externaltools.gnu-tools-for-stm32.10.3-2021.10.win32_1.0.100.202210260954/tools/bin/../lib/gcc/arm-none-eabi/10.3.1/../../../../arm-none-eabi/lib/thumb/v7e-m+fp/hard/crt0.o (exit)
e:/stm32cubeide_1.11.0/stm32cubeide/plugins/com.st.stm32cube.ide.mcu.externaltools.gnu-tools-for-stm32.10.3-2021.10.win32_1.0.100.202210260954/tools/bin/../lib/gcc/arm-none-eabi/10.3.1/../../../../arm-none-eabi/lib/thumb/v7e-m+fp/hard\libc_nano.a(lib_a-impure.o)
                              e:/stm32cubeide_1.11.0/stm32cubeide/plugins/com.st.stm32cube.ide.mcu.externaltools.gnu-tools-for-stm32.10.3-2021.10.win32_1.0.100.202210260954/tools/bin/../lib/gcc/arm-none-eabi/10.3.1/../../../../arm-none-eabi/lib/thumb/v7e-m+fp/hard\libc_nano.a(lib_a-exit.o) (_global_impure_ptr)
e:/stm32cubeide_1.11.0/stm32cubeide/plugins/com.st.stm32cube.ide.mcu.externaltools.gnu-tools-for-stm32.10.3-2021.10.win32_1.0.100.202210260954/tools/bin/../lib/gcc/arm-none-eabi/10.3.1/../../../../arm-none-eabi/lib/thumb/v7e-m+fp/hard\libc_nano.a(lib_a-init.o)
                              e:/stm32cubeide_1.11.0/stm32cubeide/plugins/com.st.stm32cube.ide.mcu.externaltools.gnu-tools-for-stm32.10.3-2021.10.win32_1.0.100.202210260954/tools/bin/../lib/gcc/arm-none-eabi/10.3.1/../../../../arm-none-eabi/lib/thumb/v7e-m+fp/hard/crt0.o (__libc_init_array)
e:/stm32cubeide_1.11.0/stm32cubeide/plugins/com.st.stm32cube.ide.mcu.externaltools.gnu-tools-for-stm32.10.3-2021.10.win32_1.0.100.202210260954/tools/bin/../lib/gcc/arm-none-eabi/10.3.1/../../../../arm-none-eabi/lib/thumb/v7e-m+fp/hard\libc_nano.a(lib_a-memset.o)
                              e:/stm32cubeide_1.11.0/stm32cubeide/plugins/com.st.stm32cube.ide.mcu.externaltools.gnu-tools-for-stm32.10.3-2021.10.win32_1.0.100.202210260954/tools/bin/../lib/gcc/arm-none-eabi/10.3.1/../../../../arm-none-eabi/lib/thumb/v7e-m+fp/hard/crt0.o (memset)
e:/stm32cubeide_1.11.0/stm32cubeide/plugins/com.st.stm32cube.ide.mcu.externaltools.gnu-tools-for-stm32.10.3-2021.10.win32_1.0.100.202210260954/tools/bin/../lib/gcc/arm-none-eabi/10.3.1/../../../../arm-none-eabi/lib/thumb/v7e-m+fp/hard\libc_nano.a(lib_a-sprintf.o)
                              ./Core/Src/main.o (sprintf)
e:/stm32cubeide_1.11.0/stm32cubeide/plugins/com.st.stm32cube.ide.mcu.externaltools.gnu-tools-for-stm32.10.3-2021.10.win32_1.0.100.202210260954/tools/bin/../lib/gcc/arm-none-eabi/10.3.1/../../../../arm-none-eabi/lib/thumb/v7e-m+fp/hard\libc_nano.a(lib_a-nano-svfprintf.o)
                              e:/stm32cubeide_1.11.0/stm32cubeide/plugins/com.st.stm32cube.ide.mcu.externaltools.gnu-tools-for-stm32.10.3-2021.10.win32_1.0.100.202210260954/tools/bin/../lib/gcc/arm-none-eabi/10.3.1/../../../../arm-none-eabi/lib/thumb/v7e-m+fp/hard\libc_nano.a(lib_a-sprintf.o) (_svfprintf_r)
e:/stm32cubeide_1.11.0/stm32cubeide/plugins/com.st.stm32cube.ide.mcu.externaltools.gnu-tools-for-stm32.10.3-2021.10.win32_1.0.100.202210260954/tools/bin/../lib/gcc/arm-none-eabi/10.3.1/../../../../arm-none-eabi/lib/thumb/v7e-m+fp/hard\libc_nano.a(lib_a-nano-vfprintf_i.o)
                              e:/stm32cubeide_1.11.0/stm32cubeide/plugins/com.st.stm32cube.ide.mcu.externaltools.gnu-tools-for-stm32.10.3-2021.10.win32_1.0.100.202210260954/tools/bin/../lib/gcc/arm-none-eabi/10.3.1/../../../../arm-none-eabi/lib/thumb/v7e-m+fp/hard\libc_nano.a(lib_a-nano-svfprintf.o) (_printf_i)
e:/stm32cubeide_1.11.0/stm32cubeide/plugins/com.st.stm32cube.ide.mcu.externaltools.gnu-tools-for-stm32.10.3-2021.10.win32_1.0.100.202210260954/tools/bin/../lib/gcc/arm-none-eabi/10.3.1/../../../../arm-none-eabi/lib/thumb/v7e-m+fp/hard\libc_nano.a(lib_a-memchr.o)
                              e:/stm32cubeide_1.11.0/stm32cubeide/plugins/com.st.stm32cube.ide.mcu.externaltools.gnu-tools-for-stm32.10.3-2021.10.win32_1.0.100.202210260954/tools/bin/../lib/gcc/arm-none-eabi/10.3.1/../../../../arm-none-eabi/lib/thumb/v7e-m+fp/hard\libc_nano.a(lib_a-nano-svfprintf.o) (memchr)
e:/stm32cubeide_1.11.0/stm32cubeide/plugins/com.st.stm32cube.ide.mcu.externaltools.gnu-tools-for-stm32.10.3-2021.10.win32_1.0.100.202210260954/tools/bin/../lib/gcc/arm-none-eabi/10.3.1/../../../../arm-none-eabi/lib/thumb/v7e-m+fp/hard\libc_nano.a(lib_a-memcpy-stub.o)
[...]
Memory Configuration

Name             Origin             Length             Attributes
CCMRAM           0x0000000010000000 0x0000000000010000 xrw
RAM              0x0000000020000000 0x0000000000020000 xrw
FLASH            0x0000000008000000 0x0000000000100000 xr
*default*        0x0000000000000000 0xffffffffffffffff

Linker script and memory map

LOAD e:/stm32cubeide_1.11.0/stm32cubeide/plugins/com.st.stm32cube.ide.mcu.externaltools.gnu-tools-for-stm32.10.3-2021.10.win32_1.0.100.202210260954/tools/bin/../lib/gcc/arm-none-eabi/10.3.1/thumb/v7e-m+fp/hard/crti.o
LOAD e:/stm32cubeide_1.11.0/stm32cubeide/plugins/com.st.stm32cube.ide.mcu.externaltools.gnu-tools-for-stm32.10.3-2021.10.win32_1.0.100.202210260954/tools/bin/../lib/gcc/arm-none-eabi/10.3.1/thumb/v7e-m+fp/hard/crtbegin.o
LOAD e:/stm32cubeide_1.11.0/stm32cubeide/plugins/com.st.stm32cube.ide.mcu.externaltools.gnu-tools-for-stm32.10.3-2021.10.win32_1.0.100.202210260954/tools/bin/../lib/gcc/arm-none-eabi/10.3.1/../../../../arm-none-eabi/lib/thumb/v7e-m+fp/hard/crt0.o
LOAD ./Core/Src/LCD_display.o
LOAD ./Core/Src/LCD_lib.o
LOAD ./Core/Src/fonts.o
LOAD ./Core/Src/main.o
LOAD ./Core/Src/st7789.o
LOAD ./Core/Src/stm32f4xx_hal_msp.o
LOAD ./Core/Src/stm32f4xx_it.o
LOAD ./Core/Src/syscalls.o
LOAD ./Core/Src/sysmem.o
LOAD ./Core/Src/system_stm32f4xx.o
LOAD ./Core/Src/timer.o
LOAD ./Core/Startup/startup_stm32f405rgtx.o
LOAD ./Drivers/STM32F4xx_HAL_Driver/Src/stm32f4xx_hal.o
LOAD ./Drivers/STM32F4xx_HAL_Driver/Src/stm32f4xx_hal_adc.o
LOAD ./Drivers/STM32F4xx_HAL_Driver/Src/stm32f4xx_hal_adc_ex.o
LOAD ./Drivers/STM32F4xx_HAL_Driver/Src/stm32f4xx_hal_can.o
LOAD ./Drivers/STM32F4xx_HAL_Driver/Src/stm32f4xx_hal_cortex.o
LOAD ./Drivers/STM32F4xx_HAL_Driver/Src/stm32f4xx_hal_dma.o
LOAD ./Drivers/STM32F4xx_HAL_Driver/Src/stm32f4xx_hal_dma_ex.o
LOAD ./Drivers/STM32F4xx_HAL_Driver/Src/stm32f4xx_hal_exti.o
LOAD ./Drivers/STM32F4xx_HAL_Driver/Src/stm32f4xx_hal_flash.o
LOAD ./Drivers/STM32F4xx_HAL_Driver/Src/stm32f4xx_hal_flash_ex.o
LOAD ./Drivers/STM32F4xx_HAL_Driver/Src/stm32f4xx_hal_flash_ramfunc.o
LOAD ./Drivers/STM32F4xx_HAL_Driver/Src/stm32f4xx_hal_gpio.o
LOAD ./Drivers/STM32F4xx_HAL_Driver/Src/stm32f4xx_hal_pwr.o
LOAD ./Drivers/STM32F4xx_HAL_Driver/Src/stm32f4xx_hal_pwr_ex.o
LOAD ./Drivers/STM32F4xx_HAL_Driver/Src/stm32f4xx_hal_rcc.o
LOAD ./Drivers/STM32F4xx_HAL_Driver/Src/stm32f4xx_hal_rcc_ex.o
LOAD ./Drivers/STM32F4xx_HAL_Driver/Src/stm32f4xx_hal_spi.o
LOAD ./Drivers/STM32F4xx_HAL_Driver/Src/stm32f4xx_hal_tim.o
LOAD ./Drivers/STM32F4xx_HAL_Driver/Src/stm32f4xx_hal_tim_ex.o
LOAD ./Drivers/STM32F4xx_HAL_Driver/Src/stm32f4xx_ll_adc.o
START GROUP
LOAD e:/stm32cubeide_1.11.0/stm32cubeide/plugins/com.st.stm32cube.ide.mcu.externaltools.gnu-tools-for-stm32.10.3-2021.10.win32_1.0.100.202210260954/tools/bin/../lib/gcc/arm-none-eabi/10.3.1/../../../../arm-none-eabi/lib/thumb/v7e-m+fp/hard\libc_nano.a
LOAD e:/stm32cubeide_1.11.0/stm32cubeide/plugins/com.st.stm32cube.ide.mcu.externaltools.gnu-tools-for-stm32.10.3-2021.10.win32_1.0.100.202210260954/tools/bin/../lib/gcc/arm-none-eabi/10.3.1/../../../../arm-none-eabi/lib/thumb/v7e-m+fp/hard\libm.a
END GROUP
START GROUP
LOAD e:/stm32cubeide_1.11.0/stm32cubeide/plugins/com.st.stm32cube.ide.mcu.externaltools.gnu-tools-for-stm32.10.3-2021.10.win32_1.0.100.202210260954/tools/bin/../lib/gcc/arm-none-eabi/10.3.1/thumb/v7e-m+fp/hard\libgcc.a
LOAD e:/stm32cubeide_1.11.0/stm32cubeide/plugins/com.st.stm32cube.ide.mcu.externaltools.gnu-tools-for-stm32.10.3-2021.10.win32_1.0.100.202210260954/tools/bin/../lib/gcc/arm-none-eabi/10.3.1/../../../../arm-none-eabi/lib/thumb/v7e-m+fp/hard\libc_nano.a
END GROUP
START GROUP
LOAD e:/stm32cubeide_1.11.0/stm32cubeide/plugins/com.st.stm32cube.ide.mcu.externaltools.gnu-tools-for-stm32.10.3-2021.10.win32_1.0.100.202210260954/tools/bin/../lib/gcc/arm-none-eabi/10.3.1/thumb/v7e-m+fp/hard\libgcc.a
LOAD e:/stm32cubeide_1.11.0/stm32cubeide/plugins/com.st.stm32cube.ide.mcu.externaltools.gnu-tools-for-stm32.10.3-2021.10.win32_1.0.100.202210260954/tools/bin/../lib/gcc/arm-none-eabi/10.3.1/../../../../arm-none-eabi/lib/thumb/v7e-m+fp/hard\libc_nano.a
LOAD e:/stm32cubeide_1.11.0/stm32cubeide/plugins/com.st.stm32cube.ide.mcu.externaltools.gnu-tools-for-stm32.10.3-2021.10.win32_1.0.100.202210260954/tools/bin/../lib/gcc/arm-none-eabi/10.3.1/../../../../arm-none-eabi/lib/thumb/v7e-m+fp/hard\libnosys.a
END GROUP
START GROUP
LOAD e:/stm32cubeide_1.11.0/stm32cubeide/plugins/com.st.stm32cube.ide.mcu.externaltools.gnu-tools-for-stm32.10.3-2021.10.win32_1.0.100.202210260954/tools/bin/../lib/gcc/arm-none-eabi/10.3.1/thumb/v7e-m+fp/hard\libgcc.a
LOAD e:/stm32cubeide_1.11.0/stm32cubeide/plugins/com.st.stm32cube.ide.mcu.externaltools.gnu-tools-for-stm32.10.3-2021.10.win32_1.0.100.202210260954/tools/bin/../lib/gcc/arm-none-eabi/10.3.1/../../../../arm-none-eabi/lib/thumb/v7e-m+fp/hard\libc_nano.a
LOAD e:/stm32cubeide_1.11.0/stm32cubeide/plugins/com.st.stm32cube.ide.mcu.externaltools.gnu-tools-for-stm32.10.3-2021.10.win32_1.0.100.202210260954/tools/bin/../lib/gcc/arm-none-eabi/10.3.1/../../../../arm-none-eabi/lib/thumb/v7e-m+fp/hard\libnosys.a
END GROUP
LOAD e:/stm32cubeide_1.11.0/stm32cubeide/plugins/com.st.stm32cube.ide.mcu.externaltools.gnu-tools-for-stm32.10.3-2021.10.win32_1.0.100.202210260954/tools/bin/../lib/gcc/arm-none-eabi/10.3.1/thumb/v7e-m+fp/hard/crtend.o
LOAD e:/stm32cubeide_1.11.0/stm32cubeide/plugins/com.st.stm32cube.ide.mcu.externaltools.gnu-tools-for-stm32.10.3-2021.10.win32_1.0.100.202210260954/tools/bin/../lib/gcc/arm-none-eabi/10.3.1/thumb/v7e-m+fp/hard/crtn.o
                0x0000000020020000                _estack = (ORIGIN (RAM) + LENGTH (RAM))
                0x0000000000000200                _Min_Heap_Size = 0x200
                0x0000000000000400                _Min_Stack_Size = 0x400

.isr_vector     0x0000000008000000      0x188
                0x0000000008000000                . = ALIGN (0x4)
 *(.isr_vector)
 .isr_vector    0x0000000008000000      0x188 ./Core/Startup/startup_stm32f405rgtx.o
                0x0000000008000000                g_pfnVectors
                0x0000000008000188                . = ALIGN (0x4)

.text           0x0000000008000190     0x5f08
                0x0000000008000190                . = ALIGN (0x4)
 *(.text)
 .text          0x0000000008000190       0x40 e:/stm32cubeide_1.11.0/stm32cubeide/plugins/com.st.stm32cube.ide.mcu.externaltools.gnu-tools-for-stm32.10.3-2021.10.win32_1.0.100.202210260954/tools/bin/../lib/gcc/arm-none-eabi/10.3.1/thumb/v7e-m+fp/hard/crtbegin.o
 .text          0x00000000080001d0       0xa0 e:/stm32cubeide_1.11.0/stm32cubeide/plugins/com.st.stm32cube.ide.mcu.externaltools.gnu-tools-for-stm32.10.3-2021.10.win32_1.0.100.202210260954/tools/bin/../lib/gcc/arm-none-eabi/10.3.1/../../../../arm-none-eabi/lib/thumb/v7e-m+fp/hard\libc_nano.a(lib_a-memchr.o)
                0x00000000080001d0                memchr
 .text          0x0000000008000270       0x30 e:/stm32cubeide_1.11.0/stm32cubeide/plugins/com.st.stm32cube.ide.mcu.externaltools.gnu-tools-for-stm32.10.3-2021.10.win32_1.0.100.202210260954/tools/bin/../lib/gcc/arm-none-eabi/10.3.1/thumb/v7e-m+fp/hard\libgcc.a(_aeabi_uldivmod.o)
                0x0000000008000270                __aeabi_uldivmod
 .text          0x00000000080002a0      0x2d0 e:/stm32cubeide_1.11.0/stm32cubeide/plugins/com.st.stm32cube.ide.mcu.externaltools.gnu-tools-for-stm32.10.3-2021.10.win32_1.0.100.202210260954/tools/bin/../lib/gcc/arm-none-eabi/10.3.1/thumb/v7e-m+fp/hard\libgcc.a(_udivmoddi4.o)
                0x00000000080002a0                __udivmoddi4
 .text          0x0000000008000570        0x4 e:/stm32cubeide_1.11.0/stm32cubeide/plugins/com.st.stm32cube.ide.mcu.externaltools.gnu-tools-for-stm32.10.3-2021.10.win32_1.0.100.202210260954/tools/bin/../lib/gcc/arm-none-eabi/10.3.1/thumb/v7e-m+fp/hard\libgcc.a(_dvmd_tls.o)
                0x0000000008000570                __aeabi_idiv0
                0x0000000008000570                __aeabi_ldiv0
 *(.text*)
 .text.spi1_communication
                0x0000000008000574       0x88 ./Core/Src/LCD_display.o
                0x0000000008000574                spi1_communication
 .text.lcd_write_byte
                0x00000000080005fc       0x58 ./Core/Src/LCD_display.o
                0x00000000080005fc                lcd_write_byte
 .text.lcd_write_command
                0x0000000008000654       0x2c ./Core/Src/LCD_display.o
                0x0000000008000654                lcd_write_command
 .text.lcd_clear_screen
                0x0000000008000680       0xcc ./Core/Src/LCD_display.o
                0x0000000008000680                lcd_clear_screen
 .text.lcd_init
                0x000000000800074c      0x214 ./Core/Src/LCD_display.o
                0x000000000800074c                lcd_init
 .text.CAN1_filter_init
                0x0000000008000960       0x54 ./Core/Src/main.o
                0x0000000008000960                CAN1_filter_init
 .text.CAN2_filter_init
                0x00000000080009b4       0x54 ./Core/Src/main.o
                0x00000000080009b4                CAN2_filter_init
 .text.Tx1_message_define
                0x0000000008000a08       0x38 ./Core/Src/main.o
                0x0000000008000a08                Tx1_message_define
 .text.Tx2_message_define
                0x0000000008000a40       0x38 ./Core/Src/main.o
                0x0000000008000a40                Tx2_message_define
 .text.Tx1_data
                0x0000000008000a78       0x2c ./Core/Src/main.o
                0x0000000008000a78                Tx1_data
 .text.main     0x0000000008000aa4       0xf0 ./Core/Src/main.o
                0x0000000008000aa4                main
 .text.SystemClock_Config
                0x0000000008000b94       0xd0 ./Core/Src/main.o
                0x0000000008000b94                SystemClock_Config
 .text.MX_ADC1_Init
                0x0000000008000c64       0xa4 ./Core/Src/main.o
 .text.MX_CAN1_Init
                0x0000000008000d08       0x6c ./Core/Src/main.o
 .text.MX_CAN2_Init
                0x0000000008000d74       0x6c ./Core/Src/main.o
 .text.MX_SPI1_Init
                0x0000000008000de0       0x6c ./Core/Src/main.o
 .text.MX_TIM2_Init
                0x0000000008000e4c       0x98 ./Core/Src/main.o
 .text.MX_GPIO_Init
                0x0000000008000ee4       0xa4 ./Core/Src/main.o
 .text.HAL_TIM_PeriodElapsedCallback
                0x0000000008000f88       0x14 ./Core/Src/main.o
                0x0000000008000f88                HAL_TIM_PeriodElapsedCallback
 .text.HAL_CAN_RxFifo0MsgPendingCallback
                0x0000000008000f9c      0x240 ./Core/Src/main.o
                0x0000000008000f9c                HAL_CAN_RxFifo0MsgPendingCallback
 .text.HAL_CAN_RxFifo1MsgPendingCallback
                0x00000000080011dc      0x1c4 ./Core/Src/main.o
                0x00000000080011dc                HAL_CAN_RxFifo1MsgPendingCallback
 .text.Error_Handler
                0x00000000080013a0        0xa ./Core/Src/main.o
                0x00000000080013a0                Error_Handler
 *fill*         0x00000000080013aa        0x2 
 .text.ST7789_WriteCommand
                0x00000000080013ac       0x48 ./Core/Src/st7789.o
 .text.ST7789_WriteData
                0x00000000080013f4       0x70 ./Core/Src/st7789.o
 .text.ST7789_WriteSmallData
                0x0000000008001464       0x48 ./Core/Src/st7789.o
 .text.ST7789_SetRotation
                0x00000000080014ac       0x58 ./Core/Src/st7789.o
                0x00000000080014ac                ST7789_SetRotation
 .text.ST7789_SetAddressWindow
                0x0000000008001504       0xb8 ./Core/Src/st7789.o
 .text.ST7789_Init
                0x00000000080015bc      0x13c ./Core/Src/st7789.o
                0x00000000080015bc                ST7789_Init
 .text.ST7789_Fill_Color
                0x00000000080016f8       0x7c ./Core/Src/st7789.o
                0x00000000080016f8                ST7789_Fill_Color
 .text.ST7789_WriteChar
                0x0000000008001774      0x100 ./Core/Src/st7789.o
                0x0000000008001774                ST7789_WriteChar
 .text.ST7789_WriteString
                0x0000000008001874       0xa8 ./Core/Src/st7789.o
                0x0000000008001874                ST7789_WriteString
 .text.HAL_MspInit
                0x000000000800191c       0x50 ./Core/Src/stm32f4xx_hal_msp.o
                0x000000000800191c                HAL_MspInit
 .text.HAL_ADC_MspInit
                0x000000000800196c       0x88 ./Core/Src/stm32f4xx_hal_msp.o
                0x000000000800196c                HAL_ADC_MspInit
 .text.HAL_CAN_MspInit
                0x00000000080019f4      0x160 ./Core/Src/stm32f4xx_hal_msp.o
                0x00000000080019f4                HAL_CAN_MspInit
 .text.HAL_SPI_MspInit
                0x0000000008001b54       0xd0 ./Core/Src/stm32f4xx_hal_msp.o
                0x0000000008001b54                HAL_SPI_MspInit
 .text.HAL_TIM_Base_MspInit
                0x0000000008001c24       0x4c ./Core/Src/stm32f4xx_hal_msp.o
                0x0000000008001c24                HAL_TIM_Base_MspInit
 .text.NMI_Handler
                0x0000000008001c70        0x6 ./Core/Src/stm32f4xx_it.o
                0x0000000008001c70                NMI_Handler
 .text.HardFault_Handler
                0x0000000008001c76        0x6 ./Core/Src/stm32f4xx_it.o
                0x0000000008001c76                HardFault_Handler
 .text.MemManage_Handler
                0x0000000008001c7c        0x6 ./Core/Src/stm32f4xx_it.o
                0x0000000008001c7c                MemManage_Handler
 .text.BusFault_Handler
                0x0000000008001c82        0x6 ./Core/Src/stm32f4xx_it.o
                0x0000000008001c82                BusFault_Handler
 .text.UsageFault_Handler
                0x0000000008001c88        0x6 ./Core/Src/stm32f4xx_it.o
                0x0000000008001c88                UsageFault_Handler
 .text.SVC_Handler
                0x0000000008001c8e        0xe ./Core/Src/stm32f4xx_it.o
                0x0000000008001c8e                SVC_Handler
 .text.DebugMon_Handler
                0x0000000008001c9c        0xe ./Core/Src/stm32f4xx_it.o
                0x0000000008001c9c                DebugMon_Handler
 .text.PendSV_Handler
                0x0000000008001caa        0xe ./Core/Src/stm32f4xx_it.o
                0x0000000008001caa                PendSV_Handler
 .text.SysTick_Handler
                0x0000000008001cb8        0xc ./Core/Src/stm32f4xx_it.o
                0x0000000008001cb8                SysTick_Handler
 .text.CAN1_RX0_IRQHandler
                0x0000000008001cc4       0x14 ./Core/Src/stm32f4xx_it.o
                0x0000000008001cc4                CAN1_RX0_IRQHandler
 .text.TIM2_IRQHandler
                0x0000000008001cd8       0x14 ./Core/Src/stm32f4xx_it.o
                0x0000000008001cd8                TIM2_IRQHandler
 .text.CAN2_RX1_IRQHandler
                0x0000000008001cec       0x14 ./Core/Src/stm32f4xx_it.o
                0x0000000008001cec                CAN2_RX1_IRQHandler
 .text._sbrk    0x0000000008001d00       0x6c ./Core/Src/sysmem.o
                0x0000000008001d00                _sbrk
 .text.SystemInit
                0x0000000008001d6c       0x24 ./Core/Src/system_stm32f4xx.o
                0x0000000008001d6c                SystemInit
 .text.setTimer1
                0x0000000008001d90       0x28 ./Core/Src/timer.o
                0x0000000008001d90                setTimer1
 .text.timerRun
                0x0000000008001db8      0x178 ./Core/Src/timer.o
                0x0000000008001db8                timerRun
 .text.Reset_Handler
                0x0000000008001f30       0x50 ./Core/Startup/startup_stm32f405rgtx.o
                0x0000000008001f30                Reset_Handler
 .text.Default_Handler
                0x0000000008001f80        0x2 ./Core/Startup/startup_stm32f405rgtx.o
                0x0000000008001f80                RTC_Alarm_IRQHandler
                0x0000000008001f80                HASH_RNG_IRQHandler
                0x0000000008001f80                EXTI2_IRQHandler
                0x0000000008001f80                TIM8_CC_IRQHandler
                0x0000000008001f80                TIM1_CC_IRQHandler
                0x0000000008001f80                DMA2_Stream5_IRQHandler
                0x0000000008001f80                DMA1_Stream5_IRQHandler
                0x0000000008001f80                PVD_IRQHandler
                0x0000000008001f80                SDIO_IRQHandler
                0x0000000008001f80                TAMP_STAMP_IRQHandler
                0x0000000008001f80                EXTI3_IRQHandler
                0x0000000008001f80                TIM8_TRG_COM_TIM14_IRQHandler
                0x0000000008001f80                TIM1_UP_TIM10_IRQHandler
                0x0000000008001f80                TIM8_UP_TIM13_IRQHandler
                0x0000000008001f80                I2C3_ER_IRQHandler
                0x0000000008001f80                EXTI0_IRQHandler
                0x0000000008001f80                I2C2_EV_IRQHandler
                0x0000000008001f80                DMA1_Stream2_IRQHandler
                0x0000000008001f80                FPU_IRQHandler
                0x0000000008001f80                OTG_HS_WKUP_IRQHandler
                0x0000000008001f80                CAN2_SCE_IRQHandler
                0x0000000008001f80                DMA2_Stream2_IRQHandler
                0x0000000008001f80                SPI1_IRQHandler
                0x0000000008001f80                TIM6_DAC_IRQHandler
                0x0000000008001f80                TIM1_BRK_TIM9_IRQHandler
                0x0000000008001f80                CAN2_RX0_IRQHandler
                0x0000000008001f80                DMA2_Stream3_IRQHandler
                0x0000000008001f80                USART6_IRQHandler
                0x0000000008001f80                USART3_IRQHandler
                0x0000000008001f80                CAN1_RX1_IRQHandler
                0x0000000008001f80                UART5_IRQHandler
                0x0000000008001f80                DMA2_Stream0_IRQHandler
                0x0000000008001f80                TIM4_IRQHandler
                0x0000000008001f80                I2C1_EV_IRQHandler
                0x0000000008001f80                DMA1_Stream6_IRQHandler
                0x0000000008001f80                DMA1_Stream1_IRQHandler
                0x0000000008001f80                UART4_IRQHandler
                0x0000000008001f80                TIM3_IRQHandler
                0x0000000008001f80                RCC_IRQHandler
                0x0000000008001f80                TIM8_BRK_TIM12_IRQHandler
                0x0000000008001f80                Default_Handler
                0x0000000008001f80                EXTI15_10_IRQHandler
                0x0000000008001f80                ADC_IRQHandler
                0x0000000008001f80                DMA1_Stream7_IRQHandler
                0x0000000008001f80                TIM7_IRQHandler
                0x0000000008001f80                CAN2_TX_IRQHandler
                0x0000000008001f80                TIM5_IRQHandler
                0x0000000008001f80                DMA2_Stream7_IRQHandler
                0x0000000008001f80                I2C3_EV_IRQHandler
                0x0000000008001f80                EXTI9_5_IRQHandler
                0x0000000008001f80                RTC_WKUP_IRQHandler
                0x0000000008001f80                SPI2_IRQHandler
                0x0000000008001f80                OTG_HS_EP1_IN_IRQHandler
                0x0000000008001f80                DMA1_Stream0_IRQHandler
                0x0000000008001f80                CAN1_TX_IRQHandler
                0x0000000008001f80                EXTI4_IRQHandler
                0x0000000008001f80                FSMC_IRQHandler
                0x0000000008001f80                OTG_HS_EP1_OUT_IRQHandler
                0x0000000008001f80                WWDG_IRQHandler
                0x0000000008001f80                OTG_FS_WKUP_IRQHandler
                0x0000000008001f80                TIM1_TRG_COM_TIM11_IRQHandler
                0x0000000008001f80                OTG_HS_IRQHandler
                0x0000000008001f80                EXTI1_IRQHandler
                0x0000000008001f80                USART2_IRQHandler
                0x0000000008001f80                I2C2_ER_IRQHandler
                0x0000000008001f80                DMA2_Stream1_IRQHandler
                0x0000000008001f80                CAN1_SCE_IRQHandler
                0x0000000008001f80                FLASH_IRQHandler
                0x0000000008001f80                DMA2_Stream4_IRQHandler
                0x0000000008001f80                USART1_IRQHandler
                0x0000000008001f80                OTG_FS_IRQHandler
                0x0000000008001f80                SPI3_IRQHandler
                0x0000000008001f80                DMA1_Stream4_IRQHandler
                0x0000000008001f80                I2C1_ER_IRQHandler
                0x0000000008001f80                DMA2_Stream6_IRQHandler
                0x0000000008001f80                DMA1_Stream3_IRQHandler
 *fill*         0x0000000008001f82        0x2 
 .text.HAL_Init
                0x0000000008001f84       0x44 ./Drivers/STM32F4xx_HAL_Driver/Src/stm32f4xx_hal.o
                0x0000000008001f84                HAL_Init
 .text.HAL_InitTick
                0x0000000008001fc8       0x60 ./Drivers/STM32F4xx_HAL_Driver/Src/stm32f4xx_hal.o
                0x0000000008001fc8                HAL_InitTick
 .text.HAL_IncTick
                0x0000000008002028       0x28 ./Drivers/STM32F4xx_HAL_Driver/Src/stm32f4xx_hal.o
                0x0000000008002028                HAL_IncTick
 .text.HAL_GetTick
                0x0000000008002050       0x18 ./Drivers/STM32F4xx_HAL_Driver/Src/stm32f4xx_hal.o
                0x0000000008002050                HAL_GetTick
 .text.HAL_Delay
                0x0000000008002068       0x48 ./Drivers/STM32F4xx_HAL_Driver/Src/stm32f4xx_hal.o
                0x0000000008002068                HAL_Delay
 .text.HAL_ADC_Init
                0x00000000080020b0       0x86 ./Drivers/STM32F4xx_HAL_Driver/Src/stm32f4xx_hal_adc.o
                0x00000000080020b0                HAL_ADC_Init
 *fill*         0x0000000008002136        0x2 
 .text.HAL_ADC_Start
                0x0000000008002138      0x1a4 ./Drivers/STM32F4xx_HAL_Driver/Src/stm32f4xx_hal_adc.o
                0x0000000008002138                HAL_ADC_Start
 .text.HAL_ADC_PollForConversion
                0x00000000080022dc      0x116 ./Drivers/STM32F4xx_HAL_Driver/Src/stm32f4xx_hal_adc.o
                0x00000000080022dc                HAL_ADC_PollForConversion
 .text.HAL_ADC_GetValue
                0x00000000080023f2       0x1a ./Drivers/STM32F4xx_HAL_Driver/Src/stm32f4xx_hal_adc.o
                0x00000000080023f2                HAL_ADC_GetValue
 .text.HAL_ADC_ConfigChannel
                0x000000000800240c      0x244 ./Drivers/STM32F4xx_HAL_Driver/Src/stm32f4xx_hal_adc.o
                0x000000000800240c                HAL_ADC_ConfigChannel
 .text.ADC_Init
                0x0000000008002650      0x1f8 ./Drivers/STM32F4xx_HAL_Driver/Src/stm32f4xx_hal_adc.o
 .text.HAL_CAN_Init
                0x0000000008002848      0x1f6 ./Drivers/STM32F4xx_HAL_Driver/Src/stm32f4xx_hal_can.o
                0x0000000008002848                HAL_CAN_Init
 *fill*         0x0000000008002a3e        0x2 
 .text.HAL_CAN_ConfigFilter
                0x0000000008002a40      0x1c0 ./Drivers/STM32F4xx_HAL_Driver/Src/stm32f4xx_hal_can.o
                0x0000000008002a40                HAL_CAN_ConfigFilter
 .text.HAL_CAN_Start
                0x0000000008002c00       0x88 ./Drivers/STM32F4xx_HAL_Driver/Src/stm32f4xx_hal_can.o
                0x0000000008002c00                HAL_CAN_Start
 .text.HAL_CAN_AddTxMessage
                0x0000000008002c88      0x1b6 ./Drivers/STM32F4xx_HAL_Driver/Src/stm32f4xx_hal_can.o
                0x0000000008002c88                HAL_CAN_AddTxMessage
 .text.HAL_CAN_GetRxMessage
                0x0000000008002e3e      0x224 ./Drivers/STM32F4xx_HAL_Driver/Src/stm32f4xx_hal_can.o
                0x0000000008002e3e                HAL_CAN_GetRxMessage
 .text.HAL_CAN_ActivateNotification
                0x0000000008003062       0x4c ./Drivers/STM32F4xx_HAL_Driver/Src/stm32f4xx_hal_can.o
                0x0000000008003062                HAL_CAN_ActivateNotification
 .text.HAL_CAN_IRQHandler
                0x00000000080030ae      0x36e ./Drivers/STM32F4xx_HAL_Driver/Src/stm32f4xx_hal_can.o
                0x00000000080030ae                HAL_CAN_IRQHandler
 .text.HAL_CAN_TxMailbox0CompleteCallback
                0x000000000800341c       0x14 ./Drivers/STM32F4xx_HAL_Driver/Src/stm32f4xx_hal_can.o
                0x000000000800341c                HAL_CAN_TxMailbox0CompleteCallback
 .text.HAL_CAN_TxMailbox1CompleteCallback
                0x0000000008003430       0x14 ./Drivers/STM32F4xx_HAL_Driver/Src/stm32f4xx_hal_can.o
                0x0000000008003430                HAL_CAN_TxMailbox1CompleteCallback
 .text.HAL_CAN_TxMailbox2CompleteCallback
                0x0000000008003444       0x14 ./Drivers/STM32F4xx_HAL_Driver/Src/stm32f4xx_hal_can.o
                0x0000000008003444                HAL_CAN_TxMailbox2CompleteCallback
 .text.HAL_CAN_TxMailbox0AbortCallback
                0x0000000008003458       0x14 ./Drivers/STM32F4xx_HAL_Driver/Src/stm32f4xx_hal_can.o
                0x0000000008003458                HAL_CAN_TxMailbox0AbortCallback
 .text.HAL_CAN_TxMailbox1AbortCallback
                0x000000000800346c       0x14 ./Drivers/STM32F4xx_HAL_Driver/Src/stm32f4xx_hal_can.o
                0x000000000800346c                HAL_CAN_TxMailbox1AbortCallback
 .text.HAL_CAN_TxMailbox2AbortCallback
                0x0000000008003480       0x14 ./Drivers/STM32F4xx_HAL_Driver/Src/stm32f4xx_hal_can.o
                0x0000000008003480                HAL_CAN_TxMailbox2AbortCallback
 .text.HAL_CAN_RxFifo0FullCallback
                0x0000000008003494       0x14 ./Drivers/STM32F4xx_HAL_Driver/Src/stm32f4xx_hal_can.o
                0x0000000008003494                HAL_CAN_RxFifo0FullCallback
 .text.HAL_CAN_RxFifo1FullCallback
                0x00000000080034a8       0x14 ./Drivers/STM32F4xx_HAL_Driver/Src/stm32f4xx_hal_can.o
                0x00000000080034a8                HAL_CAN_RxFifo1FullCallback
 .text.HAL_CAN_SleepCallback
                0x00000000080034bc       0x14 ./Drivers/STM32F4xx_HAL_Driver/Src/stm32f4xx_hal_can.o
                0x00000000080034bc                HAL_CAN_SleepCallback
 .text.HAL_CAN_WakeUpFromRxMsgCallback
                0x00000000080034d0       0x14 ./Drivers/STM32F4xx_HAL_Driver/Src/stm32f4xx_hal_can.o
                0x00000000080034d0                HAL_CAN_WakeUpFromRxMsgCallback
 .text.HAL_CAN_ErrorCallback
                0x00000000080034e4       0x14 ./Drivers/STM32F4xx_HAL_Driver/Src/stm32f4xx_hal_can.o
                0x00000000080034e4                HAL_CAN_ErrorCallback
 .text.__NVIC_SetPriorityGrouping
                0x00000000080034f8       0x48 ./Drivers/STM32F4xx_HAL_Driver/Src/stm32f4xx_hal_cortex.o
 .text.__NVIC_GetPriorityGrouping
                0x0000000008003540       0x1c ./Drivers/STM32F4xx_HAL_Driver/Src/stm32f4xx_hal_cortex.o
 .text.__NVIC_EnableIRQ
                0x000000000800355c       0x3c ./Drivers/STM32F4xx_HAL_Driver/Src/stm32f4xx_hal_cortex.o
 .text.__NVIC_SetPriority
                0x0000000008003598       0x54 ./Drivers/STM32F4xx_HAL_Driver/Src/stm32f4xx_hal_cortex.o
 .text.NVIC_EncodePriority
                0x00000000080035ec       0x66 ./Drivers/STM32F4xx_HAL_Driver/Src/stm32f4xx_hal_cortex.o
 *fill*         0x0000000008003652        0x2 
 .text.SysTick_Config
                0x0000000008003654       0x44 ./Drivers/STM32F4xx_HAL_Driver/Src/stm32f4xx_hal_cortex.o
 .text.HAL_NVIC_SetPriorityGrouping
                0x0000000008003698       0x16 ./Drivers/STM32F4xx_HAL_Driver/Src/stm32f4xx_hal_cortex.o
                0x0000000008003698                HAL_NVIC_SetPriorityGrouping
 .text.HAL_NVIC_SetPriority
                0x00000000080036ae       0x38 ./Drivers/STM32F4xx_HAL_Driver/Src/stm32f4xx_hal_cortex.o
                0x00000000080036ae                HAL_NVIC_SetPriority
 .text.HAL_NVIC_EnableIRQ
                0x00000000080036e6       0x1c ./Drivers/STM32F4xx_HAL_Driver/Src/stm32f4xx_hal_cortex.o
                0x00000000080036e6                HAL_NVIC_EnableIRQ
 .text.HAL_SYSTICK_Config
                0x0000000008003702       0x18 ./Drivers/STM32F4xx_HAL_Driver/Src/stm32f4xx_hal_cortex.o
                0x0000000008003702                HAL_SYSTICK_Config
 *fill*         0x000000000800371a        0x2 
 .text.HAL_GPIO_Init
                0x000000000800371c      0x338 ./Drivers/STM32F4xx_HAL_Driver/Src/stm32f4xx_hal_gpio.o
                0x000000000800371c                HAL_GPIO_Init
 .text.HAL_GPIO_WritePin
                0x0000000008003a54       0x32 ./Drivers/STM32F4xx_HAL_Driver/Src/stm32f4xx_hal_gpio.o
                0x0000000008003a54                HAL_GPIO_WritePin
 *fill*         0x0000000008003a86        0x2 
 .text.HAL_RCC_OscConfig
                0x0000000008003a88      0x4f0 ./Drivers/STM32F4xx_HAL_Driver/Src/stm32f4xx_hal_rcc.o
                0x0000000008003a88                HAL_RCC_OscConfig
 .text.HAL_RCC_ClockConfig
                0x0000000008003f78      0x1cc ./Drivers/STM32F4xx_HAL_Driver/Src/stm32f4xx_hal_rcc.o
                0x0000000008003f78                HAL_RCC_ClockConfig
 .text.HAL_RCC_GetSysClockFreq
                0x0000000008004144      0x18c ./Drivers/STM32F4xx_HAL_Driver/Src/stm32f4xx_hal_rcc.o
                0x0000000008004144                HAL_RCC_GetSysClockFreq
 .text.HAL_SPI_Init
                0x00000000080042d0      0x112 ./Drivers/STM32F4xx_HAL_Driver/Src/stm32f4xx_hal_spi.o
                0x00000000080042d0                HAL_SPI_Init
 .text.HAL_SPI_Transmit
                0x00000000080043e2      0x278 ./Drivers/STM32F4xx_HAL_Driver/Src/stm32f4xx_hal_spi.o
                0x00000000080043e2                HAL_SPI_Transmit
 .text.HAL_SPI_Receive
                0x000000000800465a      0x222 ./Drivers/STM32F4xx_HAL_Driver/Src/stm32f4xx_hal_spi.o
                0x000000000800465a                HAL_SPI_Receive
 .text.HAL_SPI_TransmitReceive
                0x000000000800487c      0x344 ./Drivers/STM32F4xx_HAL_Driver/Src/stm32f4xx_hal_spi.o
                0x000000000800487c                HAL_SPI_TransmitReceive
 .text.HAL_SPI_GetState
                0x0000000008004bc0       0x1c ./Drivers/STM32F4xx_HAL_Driver/Src/stm32f4xx_hal_spi.o
                0x0000000008004bc0                HAL_SPI_GetState
 .text.SPI_WaitFlagStateUntilTimeout
                0x0000000008004bdc      0x110 ./Drivers/STM32F4xx_HAL_Driver/Src/stm32f4xx_hal_spi.o
 .text.SPI_EndRxTransaction
                0x0000000008004cec       0xca ./Drivers/STM32F4xx_HAL_Driver/Src/stm32f4xx_hal_spi.o
 *fill*         0x0000000008004db6        0x2 
 .text.SPI_EndRxTxTransaction
                0x0000000008004db8       0x84 ./Drivers/STM32F4xx_HAL_Driver/Src/stm32f4xx_hal_spi.o
 .text.HAL_TIM_Base_Init
                0x0000000008004e3c       0x9e ./Drivers/STM32F4xx_HAL_Driver/Src/stm32f4xx_hal_tim.o
                0x0000000008004e3c                HAL_TIM_Base_Init
 *fill*         0x0000000008004eda        0x2 
 .text.HAL_TIM_Base_Start_IT
                0x0000000008004edc       0xe0 ./Drivers/STM32F4xx_HAL_Driver/Src/stm32f4xx_hal_tim.o
                0x0000000008004edc                HAL_TIM_Base_Start_IT
 .text.HAL_TIM_IRQHandler
                0x0000000008004fbc      0x210 ./Drivers/STM32F4xx_HAL_Driver/Src/stm32f4xx_hal_tim.o
                0x0000000008004fbc                HAL_TIM_IRQHandler
 .text.HAL_TIM_ConfigClockSource
                0x00000000080051cc      0x18e ./Drivers/STM32F4xx_HAL_Driver/Src/stm32f4xx_hal_tim.o
                0x00000000080051cc                HAL_TIM_ConfigClockSource
 .text.HAL_TIM_OC_DelayElapsedCallback
                0x000000000800535a       0x14 ./Drivers/STM32F4xx_HAL_Driver/Src/stm32f4xx_hal_tim.o
                0x000000000800535a                HAL_TIM_OC_DelayElapsedCallback
 .text.HAL_TIM_IC_CaptureCallback
                0x000000000800536e       0x14 ./Drivers/STM32F4xx_HAL_Driver/Src/stm32f4xx_hal_tim.o
                0x000000000800536e                HAL_TIM_IC_CaptureCallback
 .text.HAL_TIM_PWM_PulseFinishedCallback
                0x0000000008005382       0x14 ./Drivers/STM32F4xx_HAL_Driver/Src/stm32f4xx_hal_tim.o
                0x0000000008005382                HAL_TIM_PWM_PulseFinishedCallback
 .text.HAL_TIM_TriggerCallback
                0x0000000008005396       0x14 ./Drivers/STM32F4xx_HAL_Driver/Src/stm32f4xx_hal_tim.o
                0x0000000008005396                HAL_TIM_TriggerCallback
 *fill*         0x00000000080053aa        0x2 
 .text.TIM_Base_SetConfig
                0x00000000080053ac      0x140 ./Drivers/STM32F4xx_HAL_Driver/Src/stm32f4xx_hal_tim.o
                0x00000000080053ac                TIM_Base_SetConfig
 .text.TIM_TI1_ConfigInputStage
                0x00000000080054ec       0x5e ./Drivers/STM32F4xx_HAL_Driver/Src/stm32f4xx_hal_tim.o
 .text.TIM_TI2_ConfigInputStage
                0x000000000800554a       0x60 ./Drivers/STM32F4xx_HAL_Driver/Src/stm32f4xx_hal_tim.o
 .text.TIM_ITRx_SetConfig
                0x00000000080055aa       0x36 ./Drivers/STM32F4xx_HAL_Driver/Src/stm32f4xx_hal_tim.o
 .text.TIM_ETR_SetConfig
                0x00000000080055e0       0x40 ./Drivers/STM32F4xx_HAL_Driver/Src/stm32f4xx_hal_tim.o
                0x00000000080055e0                TIM_ETR_SetConfig
 .text.HAL_TIMEx_MasterConfigSynchronization
                0x0000000008005620       0xf8 ./Drivers/STM32F4xx_HAL_Driver/Src/stm32f4xx_hal_tim_ex.o
                0x0000000008005620                HAL_TIMEx_MasterConfigSynchronization
 .text.HAL_TIMEx_CommutCallback
                0x0000000008005718       0x14 ./Drivers/STM32F4xx_HAL_Driver/Src/stm32f4xx_hal_tim_ex.o
                0x0000000008005718                HAL_TIMEx_CommutCallback
 .text.HAL_TIMEx_BreakCallback
                0x000000000800572c       0x14 ./Drivers/STM32F4xx_HAL_Driver/Src/stm32f4xx_hal_tim_ex.o
                0x000000000800572c                HAL_TIMEx_BreakCallback
 .text.__errno  0x0000000008005740        0xc e:/stm32cubeide_1.11.0/stm32cubeide/plugins/com.st.stm32cube.ide.mcu.externaltools.gnu-tools-for-stm32.10.3-2021.10.win32_1.0.100.202210260954/tools/bin/../lib/gcc/arm-none-eabi/10.3.1/../../../../arm-none-eabi/lib/thumb/v7e-m+fp/hard\libc_nano.a(lib_a-errno.o)
                0x0000000008005740                __errno
 .text.__libc_init_array
                0x000000000800574c       0x48 e:/stm32cubeide_1.11.0/stm32cubeide/plugins/com.st.stm32cube.ide.mcu.externaltools.gnu-tools-for-stm32.10.3-2021.10.win32_1.0.100.202210260954/tools/bin/../lib/gcc/arm-none-eabi/10.3.1/../../../../arm-none-eabi/lib/thumb/v7e-m+fp/hard\libc_nano.a(lib_a-init.o)
                0x000000000800574c                __libc_init_array
 .text.memset   0x0000000008005794       0x10 e:/stm32cubeide_1.11.0/stm32cubeide/plugins/com.st.stm32cube.ide.mcu.externaltools.gnu-tools-for-stm32.10.3-2021.10.win32_1.0.100.202210260954/tools/bin/../lib/gcc/arm-none-eabi/10.3.1/../../../../arm-none-eabi/lib/thumb/v7e-m+fp/hard\libc_nano.a(lib_a-memset.o)
                0x0000000008005794                memset
 .text.sprintf  0x00000000080057a4       0x40 e:/stm32cubeide_1.11.0/stm32cubeide/plugins/com.st.stm32cube.ide.mcu.externaltools.gnu-tools-for-stm32.10.3-2021.10.win32_1.0.100.202210260954/tools/bin/../lib/gcc/arm-none-eabi/10.3.1/../../../../arm-none-eabi/lib/thumb/v7e-m+fp/hard\libc_nano.a(lib_a-sprintf.o)
                0x00000000080057a4                siprintf
                0x00000000080057a4                sprintf
 .text.__ssputs_r
                0x00000000080057e4       0xb6 e:/stm32cubeide_1.11.0/stm32cubeide/plugins/com.st.stm32cube.ide.mcu.externaltools.gnu-tools-for-stm32.10.3-2021.10.win32_1.0.100.202210260954/tools/bin/../lib/gcc/arm-none-eabi/10.3.1/../../../../arm-none-eabi/lib/thumb/v7e-m+fp/hard\libc_nano.a(lib_a-nano-svfprintf.o)
                0x00000000080057e4                __ssputs_r
 *fill*         0x000000000800589a        0x2 
 .text._svfprintf_r
                0x000000000800589c      0x200 e:/stm32cubeide_1.11.0/stm32cubeide/plugins/com.st.stm32cube.ide.mcu.externaltools.gnu-tools-for-stm32.10.3-2021.10.win32_1.0.100.202210260954/tools/bin/../lib/gcc/arm-none-eabi/10.3.1/../../../../arm-none-eabi/lib/thumb/v7e-m+fp/hard\libc_nano.a(lib_a-nano-svfprintf.o)
                0x000000000800589c                _svfiprintf_r
                0x000000000800589c                _svfprintf_r
 .text._printf_common
                0x0000000008005a9c       0xda e:/stm32cubeide_1.11.0/stm32cubeide/plugins/com.st.stm32cube.ide.mcu.externaltools.gnu-tools-for-stm32.10.3-2021.10.win32_1.0.100.202210260954/tools/bin/../lib/gcc/arm-none-eabi/10.3.1/../../../../arm-none-eabi/lib/thumb/v7e-m+fp/hard\libc_nano.a(lib_a-nano-vfprintf_i.o)
                0x0000000008005a9c                _printf_common
 *fill*         0x0000000008005b76        0x2 
 .text._printf_i
                0x0000000008005b78      0x24c e:/stm32cubeide_1.11.0/stm32cubeide/plugins/com.st.stm32cube.ide.mcu.externaltools.gnu-tools-for-stm32.10.3-2021.10.win32_1.0.100.202210260954/tools/bin/../lib/gcc/arm-none-eabi/10.3.1/../../../../arm-none-eabi/lib/thumb/v7e-m+fp/hard\libc_nano.a(lib_a-nano-vfprintf_i.o)
                0x0000000008005b78                _printf_i
 .text.memcpy   0x0000000008005dc4       0x1c e:/stm32cubeide_1.11.0/stm32cubeide/plugins/com.st.stm32cube.ide.mcu.externaltools.gnu-tools-for-stm32.10.3-2021.10.win32_1.0.100.202210260954/tools/bin/../lib/gcc/arm-none-eabi/10.3.1/../../../../arm-none-eabi/lib/thumb/v7e-m+fp/hard\libc_nano.a(lib_a-memcpy-stub.o)
                0x0000000008005dc4                memcpy
 .text.memmove  0x0000000008005de0       0x34 e:/stm32cubeide_1.11.0/stm32cubeide/plugins/com.st.stm32cube.ide.mcu.externaltools.gnu-tools-for-stm32.10.3-2021.10.win32_1.0.100.202210260954/tools/bin/../lib/gcc/arm-none-eabi/10.3.1/../../../../arm-none-eabi/lib/thumb/v7e-m+fp/hard\libc_nano.a(lib_a-memmove.o)
                0x0000000008005de0                memmove
 .text._free_r  0x0000000008005e14       0x98 e:/stm32cubeide_1.11.0/stm32cubeide/plugins/com.st.stm32cube.ide.mcu.externaltools.gnu-tools-for-stm32.10.3-2021.10.win32_1.0.100.202210260954/tools/bin/../lib/gcc/arm-none-eabi/10.3.1/../../../../arm-none-eabi/lib/thumb/v7e-m+fp/hard\libc_nano.a(lib_a-nano-freer.o)
                0x0000000008005e14                _free_r
 .text.sbrk_aligned
                0x0000000008005eac       0x40 e:/stm32cubeide_1.11.0/stm32cubeide/plugins/com.st.stm32cube.ide.mcu.externaltools.gnu-tools-for-stm32.10.3-2021.10.win32_1.0.100.202210260954/tools/bin/../lib/gcc/arm-none-eabi/10.3.1/../../../../arm-none-eabi/lib/thumb/v7e-m+fp/hard\libc_nano.a(lib_a-nano-mallocr.o)
 .text._malloc_r
                0x0000000008005eec       0xe8 e:/stm32cubeide_1.11.0/stm32cubeide/plugins/com.st.stm32cube.ide.mcu.externaltools.gnu-tools-for-stm32.10.3-2021.10.win32_1.0.100.202210260954/tools/bin/../lib/gcc/arm-none-eabi/10.3.1/../../../../arm-none-eabi/lib/thumb/v7e-m+fp/hard\libc_nano.a(lib_a-nano-mallocr.o)
                0x0000000008005eec                _malloc_r
 .text._realloc_r
                0x0000000008005fd4       0x5e e:/stm32cubeide_1.11.0/stm32cubeide/plugins/com.st.stm32cube.ide.mcu.externaltools.gnu-tools-for-stm32.10.3-2021.10.win32_1.0.100.202210260954/tools/bin/../lib/gcc/arm-none-eabi/10.3.1/../../../../arm-none-eabi/lib/thumb/v7e-m+fp/hard\libc_nano.a(lib_a-nano-reallocr.o)
                0x0000000008005fd4                _realloc_r
 *fill*         0x0000000008006032        0x2 
 .text._sbrk_r  0x0000000008006034       0x20 e:/stm32cubeide_1.11.0/stm32cubeide/plugins/com.st.stm32cube.ide.mcu.externaltools.gnu-tools-for-stm32.10.3-2021.10.win32_1.0.100.202210260954/tools/bin/../lib/gcc/arm-none-eabi/10.3.1/../../../../arm-none-eabi/lib/thumb/v7e-m+fp/hard\libc_nano.a(lib_a-sbrkr.o)
                0x0000000008006034                _sbrk_r
 .text.__malloc_lock
                0x0000000008006054        0xc e:/stm32cubeide_1.11.0/stm32cubeide/plugins/com.st.stm32cube.ide.mcu.externaltools.gnu-tools-for-stm32.10.3-2021.10.win32_1.0.100.202210260954/tools/bin/../lib/gcc/arm-none-eabi/10.3.1/../../../../arm-none-eabi/lib/thumb/v7e-m+fp/hard\libc_nano.a(lib_a-mlock.o)
                0x0000000008006054                __malloc_lock
 .text.__malloc_unlock
                0x0000000008006060        0xc e:/stm32cubeide_1.11.0/stm32cubeide/plugins/com.st.stm32cube.ide.mcu.externaltools.gnu-tools-for-stm32.10.3-2021.10.win32_1.0.100.202210260954/tools/bin/../lib/gcc/arm-none-eabi/10.3.1/../../../../arm-none-eabi/lib/thumb/v7e-m+fp/hard\libc_nano.a(lib_a-mlock.o)
                0x0000000008006060                __malloc_unlock
 .text._malloc_usable_size_r
                0x000000000800606c       0x10 e:/stm32cubeide_1.11.0/stm32cubeide/plugins/com.st.stm32cube.ide.mcu.externaltools.gnu-tools-for-stm32.10.3-2021.10.win32_1.0.100.202210260954/tools/bin/../lib/gcc/arm-none-eabi/10.3.1/../../../../arm-none-eabi/lib/thumb/v7e-m+fp/hard\libc_nano.a(lib_a-nano-msizer.o)
                0x000000000800606c                _malloc_usable_size_r
 .text.__retarget_lock_acquire_recursive
                0x000000000800607c        0x2 e:/stm32cubeide_1.11.0/stm32cubeide/plugins/com.st.stm32cube.ide.mcu.externaltools.gnu-tools-for-stm32.10.3-2021.10.win32_1.0.100.202210260954/tools/bin/../lib/gcc/arm-none-eabi/10.3.1/../../../../arm-none-eabi/lib/thumb/v7e-m+fp/hard\libc_nano.a(lib_a-lock.o)
                0x000000000800607c                __retarget_lock_acquire_recursive
 .text.__retarget_lock_release_recursive
                0x000000000800607e        0x2 e:/stm32cubeide_1.11.0/stm32cubeide/plugins/com.st.stm32cube.ide.mcu.externaltools.gnu-tools-for-stm32.10.3-2021.10.win32_1.0.100.202210260954/tools/bin/../lib/gcc/arm-none-eabi/10.3.1/../../../../arm-none-eabi/lib/thumb/v7e-m+fp/hard\libc_nano.a(lib_a-lock.o)
                0x000000000800607e                __retarget_lock_release_recursive
 *(.glue_7)
 .glue_7        0x0000000008006080        0x0 linker stubs
 *(.glue_7t)
 .glue_7t       0x0000000008006080        0x0 linker stubs
 *(.eh_frame)
 .eh_frame      0x0000000008006080        0x0 e:/stm32cubeide_1.11.0/stm32cubeide/plugins/com.st.stm32cube.ide.mcu.externaltools.gnu-tools-for-stm32.10.3-2021.10.win32_1.0.100.202210260954/tools/bin/../lib/gcc/arm-none-eabi/10.3.1/thumb/v7e-m+fp/hard/crtbegin.o
 *(.init)
 .init          0x0000000008006080        0x4 e:/stm32cubeide_1.11.0/stm32cubeide/plugins/com.st.stm32cube.ide.mcu.externaltools.gnu-tools-for-stm32.10.3-2021.10.win32_1.0.100.202210260954/tools/bin/../lib/gcc/arm-none-eabi/10.3.1/thumb/v7e-m+fp/hard/crti.o
                0x0000000008006080                _init
 .init          0x0000000008006084        0x8 e:/stm32cubeide_1.11.0/stm32cubeide/plugins/com.st.stm32cube.ide.mcu.externaltools.gnu-tools-for-stm32.10.3-2021.10.win32_1.0.100.202210260954/tools/bin/../lib/gcc/arm-none-eabi/10.3.1/thumb/v7e-m+fp/hard/crtn.o
 *(.fini)
 .fini          0x000000000800608c        0x4 e:/stm32cubeide_1.11.0/stm32cubeide/plugins/com.st.stm32cube.ide.mcu.externaltools.gnu-tools-for-stm32.10.3-2021.10.win32_1.0.100.202210260954/tools/bin/../lib/gcc/arm-none-eabi/10.3.1/thumb/v7e-m+fp/hard/crti.o
                0x000000000800608c                _fini
 .fini          0x0000000008006090        0x8 e:/stm32cubeide_1.11.0/stm32cubeide/plugins/com.st.stm32cube.ide.mcu.externaltools.gnu-tools-for-stm32.10.3-2021.10.win32_1.0.100.202210260954/tools/bin/../lib/gcc/arm-none-eabi/10.3.1/thumb/v7e-m+fp/hard/crtn.o
                0x0000000008006098                . = ALIGN (0x4)
                0x0000000008006098                _etext = .

.vfp11_veneer   0x0000000008006098        0x0
 .vfp11_veneer  0x0000000008006098        0x0 linker stubs

.v4_bx          0x0000000008006098        0x0
 .v4_bx         0x0000000008006098        0x0 linker stubs

.iplt           0x0000000008006098        0x0
 .iplt          0x0000000008006098        0x0 e:/stm32cubeide_1.11.0/stm32cubeide/plugins/com.st.stm32cube.ide.mcu.externaltools.gnu-tools-for-stm32.10.3-2021.10.win32_1.0.100.202210260954/tools/bin/../lib/gcc/arm-none-eabi/10.3.1/thumb/v7e-m+fp/hard/crtbegin.o

.rodata         0x0000000008006098      0x8e8
                0x0000000008006098                . = ALIGN (0x4)
 *(.rodata)
 .rodata        0x0000000008006098       0x9e ./Core/Src/main.o
 *fill*         0x0000000008006136        0x2 
 .rodata        0x0000000008006138       0x97 ./Core/Src/st7789.o
 *(.rodata*)
 *fill*         0x00000000080061cf        0x1 
 .rodata.Font7x10
                0x00000000080061d0      0x76c ./Core/Src/fonts.o
 .rodata.AHBPrescTable
                0x000000000800693c       0x10 ./Core/Src/system_stm32f4xx.o
                0x000000000800693c                AHBPrescTable
 .rodata._svfprintf_r.str1.1
                0x000000000800694c       0x11 e:/stm32cubeide_1.11.0/stm32cubeide/plugins/com.st.stm32cube.ide.mcu.externaltools.gnu-tools-for-stm32.10.3-2021.10.win32_1.0.100.202210260954/tools/bin/../lib/gcc/arm-none-eabi/10.3.1/../../../../arm-none-eabi/lib/thumb/v7e-m+fp/hard\libc_nano.a(lib_a-nano-svfprintf.o)
 .rodata._printf_i.str1.1
                0x000000000800695d       0x22 e:/stm32cubeide_1.11.0/stm32cubeide/plugins/com.st.stm32cube.ide.mcu.externaltools.gnu-tools-for-stm32.10.3-2021.10.win32_1.0.100.202210260954/tools/bin/../lib/gcc/arm-none-eabi/10.3.1/../../../../arm-none-eabi/lib/thumb/v7e-m+fp/hard\libc_nano.a(lib_a-nano-vfprintf_i.o)
                0x0000000008006980                . = ALIGN (0x4)
 *fill*         0x000000000800697f        0x1 

.ARM.extab      0x0000000008006980        0x0
                0x0000000008006980                . = ALIGN (0x4)
 *(.ARM.extab* .gnu.linkonce.armextab.*)
                0x0000000008006980                . = ALIGN (0x4)

.ARM            0x0000000008006980        0x8
                0x0000000008006980                . = ALIGN (0x4)
                0x0000000008006980                __exidx_start = .
 *(.ARM.exidx*)
 .ARM.exidx     0x0000000008006980        0x8 e:/stm32cubeide_1.11.0/stm32cubeide/plugins/com.st.stm32cube.ide.mcu.externaltools.gnu-tools-for-stm32.10.3-2021.10.win32_1.0.100.202210260954/tools/bin/../lib/gcc/arm-none-eabi/10.3.1/thumb/v7e-m+fp/hard\libgcc.a(_udivmoddi4.o)
                0x0000000008006988                __exidx_end = .
                0x0000000008006988                . = ALIGN (0x4)

.rel.dyn        0x0000000008006988        0x0
 .rel.iplt      0x0000000008006988        0x0 e:/stm32cubeide_1.11.0/stm32cubeide/plugins/com.st.stm32cube.ide.mcu.externaltools.gnu-tools-for-stm32.10.3-2021.10.win32_1.0.100.202210260954/tools/bin/../lib/gcc/arm-none-eabi/10.3.1/thumb/v7e-m+fp/hard/crtbegin.o

.preinit_array  0x0000000008006988        0x0
                0x0000000008006988                . = ALIGN (0x4)
                0x0000000008006988                PROVIDE (__preinit_array_start = .)
 *(.preinit_array*)
                0x0000000008006988                PROVIDE (__preinit_array_end = .)
                0x0000000008006988                . = ALIGN (0x4)

.init_array     0x0000000008006988        0x4
                0x0000000008006988                . = ALIGN (0x4)
                0x0000000008006988                PROVIDE (__init_array_start = .)
 *(SORT_BY_NAME(.init_array.*))
 *(.init_array*)
 .init_array    0x0000000008006988        0x4 e:/stm32cubeide_1.11.0/stm32cubeide/plugins/com.st.stm32cube.ide.mcu.externaltools.gnu-tools-for-stm32.10.3-2021.10.win32_1.0.100.202210260954/tools/bin/../lib/gcc/arm-none-eabi/10.3.1/thumb/v7e-m+fp/hard/crtbegin.o
                0x000000000800698c                PROVIDE (__init_array_end = .)
                0x000000000800698c                . = ALIGN (0x4)

.fini_array     0x000000000800698c        0x4
                0x000000000800698c                . = ALIGN (0x4)
                [!provide]                        PROVIDE (__fini_array_start = .)
 *(SORT_BY_NAME(.fini_array.*))
 *(.fini_array*)
 .fini_array    0x000000000800698c        0x4 e:/stm32cubeide_1.11.0/stm32cubeide/plugins/com.st.stm32cube.ide.mcu.externaltools.gnu-tools-for-stm32.10.3-2021.10.win32_1.0.100.202210260954/tools/bin/../lib/gcc/arm-none-eabi/10.3.1/thumb/v7e-m+fp/hard/crtbegin.o
                [!provide]                        PROVIDE (__fini_array_end = .)
                0x0000000008006990                . = ALIGN (0x4)
                0x0000000008006990                _sidata = LOADADDR (.data)

.data           0x0000000020000000       0x78 load address 0x0000000008006990
                0x0000000020000000                . = ALIGN (0x4)
                0x0000000020000000                _sdata = .
 *(.data)
 *(.data*)
 .data.Font_7x10
                0x0000000020000000        0x8 ./Core/Src/fonts.o
                0x0000000020000000                Font_7x10
 .data.SystemCoreClock
                0x0000000020000008        0x4 ./Core/Src/system_stm32f4xx.o
                0x0000000020000008                SystemCoreClock
 .data.uwTickPrio
                0x000000002000000c        0x4 ./Drivers/STM32F4xx_HAL_Driver/Src/stm32f4xx_hal.o
                0x000000002000000c                uwTickPrio
 .data.uwTickFreq
                0x0000000020000010        0x1 ./Drivers/STM32F4xx_HAL_Driver/Src/stm32f4xx_hal.o
                0x0000000020000010                uwTickFreq
 *fill*         0x0000000020000011        0x3 
 .data._impure_ptr
                0x0000000020000014        0x4 e:/stm32cubeide_1.11.0/stm32cubeide/plugins/com.st.stm32cube.ide.mcu.externaltools.gnu-tools-for-stm32.10.3-2021.10.win32_1.0.100.202210260954/tools/bin/../lib/gcc/arm-none-eabi/10.3.1/../../../../arm-none-eabi/lib/thumb/v7e-m+fp/hard\libc_nano.a(lib_a-impure.o)
                0x0000000020000014                _impure_ptr
 .data.impure_data
                0x0000000020000018       0x60 e:/stm32cubeide_1.11.0/stm32cubeide/plugins/com.st.stm32cube.ide.mcu.externaltools.gnu-tools-for-stm32.10.3-2021.10.win32_1.0.100.202210260954/tools/bin/../lib/gcc/arm-none-eabi/10.3.1/../../../../arm-none-eabi/lib/thumb/v7e-m+fp/hard\libc_nano.a(lib_a-impure.o)
 *(.RamFunc)
 *(.RamFunc*)
                0x0000000020000078                . = ALIGN (0x4)
                0x0000000020000078                _edata = .
                0x0000000008006a08                _siccmram = LOADADDR (.ccmram)

.igot.plt       0x0000000020000078        0x0 load address 0x0000000008006a08
 .igot.plt      0x0000000020000078        0x0 e:/stm32cubeide_1.11.0/stm32cubeide/plugins/com.st.stm32cube.ide.mcu.externaltools.gnu-tools-for-stm32.10.3-2021.10.win32_1.0.100.202210260954/tools/bin/../lib/gcc/arm-none-eabi/10.3.1/thumb/v7e-m+fp/hard/crtbegin.o

.ccmram         0x0000000010000000        0x0 load address 0x0000000008006a08
                0x0000000010000000                . = ALIGN (0x4)
                0x0000000010000000                _sccmram = .
 *(.ccmram)
 *(.ccmram*)
                0x0000000010000000                . = ALIGN (0x4)
                0x0000000010000000                _eccmram = .
                0x0000000010000000                . = ALIGN (0x4)

.bss            0x0000000020000078      0x3b4
                0x0000000020000078                _sbss = .
                0x0000000020000078                __bss_start__ = _sbss
 *(.bss)
 .bss           0x0000000020000078       0x1c e:/stm32cubeide_1.11.0/stm32cubeide/plugins/com.st.stm32cube.ide.mcu.externaltools.gnu-tools-for-stm32.10.3-2021.10.win32_1.0.100.202210260954/tools/bin/../lib/gcc/arm-none-eabi/10.3.1/thumb/v7e-m+fp/hard/crtbegin.o
 *(.bss*)
 .bss.chRetry   0x0000000020000094        0x1 ./Core/Src/LCD_display.o
                0x0000000020000094                chRetry
 .bss.chTemp    0x0000000020000095        0x1 ./Core/Src/LCD_display.o
                0x0000000020000095                chTemp
 *fill*         0x0000000020000096        0x2 
 .bss.hadc1     0x0000000020000098       0x48 ./Core/Src/main.o
                0x0000000020000098                hadc1
 .bss.hcan1     0x00000000200000e0       0x28 ./Core/Src/main.o
                0x00000000200000e0                hcan1
 .bss.hcan2     0x0000000020000108       0x28 ./Core/Src/main.o
                0x0000000020000108                hcan2
 .bss.hspi1     0x0000000020000130       0x58 ./Core/Src/main.o
                0x0000000020000130                hspi1
 .bss.htim2     0x0000000020000188       0x48 ./Core/Src/main.o
                0x0000000020000188                htim2
 .bss.rx1Header
                0x00000000200001d0       0x1c ./Core/Src/main.o
                0x00000000200001d0                rx1Header
 .bss.tx1Header
                0x00000000200001ec       0x18 ./Core/Src/main.o
                0x00000000200001ec                tx1Header
 .bss.rx2Header
                0x0000000020000204       0x1c ./Core/Src/main.o
                0x0000000020000204                rx2Header
 .bss.tx2Header
                0x0000000020000220       0x18 ./Core/Src/main.o
                0x0000000020000220                tx2Header
 .bss.canfil1   0x0000000020000238       0x28 ./Core/Src/main.o
                0x0000000020000238                canfil1
 .bss.canfil2   0x0000000020000260       0x28 ./Core/Src/main.o
                0x0000000020000260                canfil2
 .bss.canMailbox
                0x0000000020000288        0x4 ./Core/Src/main.o
                0x0000000020000288                canMailbox
 .bss.Tx1Data   0x000000002000028c        0x8 ./Core/Src/main.o
                0x000000002000028c                Tx1Data
 .bss.Tx2Data   0x0000000020000294        0x8 ./Core/Src/main.o
                0x0000000020000294                Tx2Data
 .bss.Rx1Data   0x000000002000029c        0x8 ./Core/Src/main.o
                0x000000002000029c                Rx1Data
 .bss.Rx2Data   0x00000000200002a4        0x8 ./Core/Src/main.o
                0x00000000200002a4                Rx2Data
 .bss.ADC_value
                0x00000000200002ac        0x4 ./Core/Src/main.o
                0x00000000200002ac                ADC_value
 .bss.Buffer    0x00000000200002b0       0x14 ./Core/Src/main.o
                0x00000000200002b0                Buffer
 .bss.Buffer1   0x00000000200002c4       0x14 ./Core/Src/main.o
                0x00000000200002c4                Buffer1
 .bss.Buffer2   0x00000000200002d8       0x14 ./Core/Src/main.o
                0x00000000200002d8                Buffer2
 .bss.Buffer3   0x00000000200002ec       0x14 ./Core/Src/main.o
                0x00000000200002ec                Buffer3
 .bss.Buffer4   0x0000000020000300       0x14 ./Core/Src/main.o
                0x0000000020000300                Buffer4
 .bss.Buffer5   0x0000000020000314       0x14 ./Core/Src/main.o
                0x0000000020000314                Buffer5
 .bss.Buffer6   0x0000000020000328       0x14 ./Core/Src/main.o
                0x0000000020000328                Buffer6
 .bss.Buffer7   0x000000002000033c       0x14 ./Core/Src/main.o
                0x000000002000033c                Buffer7
 .bss.Buffer8   0x0000000020000350       0x14 ./Core/Src/main.o
                0x0000000020000350                Buffer8
 .bss.Buffer9   0x0000000020000364       0x14 ./Core/Src/main.o
                0x0000000020000364                Buffer9
 .bss.Buffer10  0x0000000020000378       0x14 ./Core/Src/main.o
                0x0000000020000378                Buffer10
 .bss.Buffer11  0x000000002000038c       0x14 ./Core/Src/main.o
                0x000000002000038c                Buffer11
 .bss.Buffer12  0x00000000200003a0       0x14 ./Core/Src/main.o
                0x00000000200003a0                Buffer12
 .bss.Buffer13  0x00000000200003b4       0x14 ./Core/Src/main.o
                0x00000000200003b4                Buffer13
 .bss.HAL_RCC_CAN1_CLK_ENABLED
                0x00000000200003c8        0x4 ./Core/Src/stm32f4xx_hal_msp.o
 .bss.__sbrk_heap_end
                0x00000000200003cc        0x4 ./Core/Src/sysmem.o
 .bss.timer1_counter
                0x00000000200003d0        0x4 ./Core/Src/timer.o
                0x00000000200003d0                timer1_counter
 .bss.timer1_flag
                0x00000000200003d4        0x4 ./Core/Src/timer.o
                0x00000000200003d4                timer1_flag
 .bss.timer2_counter
                0x00000000200003d8        0x4 ./Core/Src/timer.o
                0x00000000200003d8                timer2_counter
 .bss.timer2_flag
                0x00000000200003dc        0x4 ./Core/Src/timer.o
                0x00000000200003dc                timer2_flag
 .bss.timer3_counter
                0x00000000200003e0        0x4 ./Core/Src/timer.o
                0x00000000200003e0                timer3_counter
 .bss.timer3_flag
                0x00000000200003e4        0x4 ./Core/Src/timer.o
                0x00000000200003e4                timer3_flag
 .bss.timer4_counter
                0x00000000200003e8        0x4 ./Core/Src/timer.o
                0x00000000200003e8                timer4_counter
 .bss.timer4_flag
                0x00000000200003ec        0x4 ./Core/Src/timer.o
                0x00000000200003ec                timer4_flag
 .bss.timer5_counter
                0x00000000200003f0        0x4 ./Core/Src/timer.o
                0x00000000200003f0                timer5_counter
 .bss.timer5_flag
                0x00000000200003f4        0x4 ./Core/Src/timer.o
                0x00000000200003f4                timer5_flag
 .bss.timer6_counter
                0x00000000200003f8        0x4 ./Core/Src/timer.o
                0x00000000200003f8                timer6_counter
 .bss.timer6_flag
                0x00000000200003fc        0x4 ./Core/Src/timer.o
                0x00000000200003fc                timer6_flag
 .bss.timer7_counter
                0x0000000020000400        0x4 ./Core/Src/timer.o
                0x0000000020000400                timer7_counter
 .bss.timer7_flag
                0x0000000020000404        0x4 ./Core/Src/timer.o
                0x0000000020000404                timer7_flag
 .bss.timer8_counter
                0x0000000020000408        0x4 ./Core/Src/timer.o
                0x0000000020000408                timer8_counter
 .bss.timer8_flag
                0x000000002000040c        0x4 ./Core/Src/timer.o
                0x000000002000040c                timer8_flag
 .bss.timer9_counter
                0x0000000020000410        0x4 ./Core/Src/timer.o
                0x0000000020000410                timer9_counter
 .bss.timer9_flag
                0x0000000020000414        0x4 ./Core/Src/timer.o
                0x0000000020000414                timer9_flag
 .bss.uwTick    0x0000000020000418        0x4 ./Drivers/STM32F4xx_HAL_Driver/Src/stm32f4xx_hal.o
                0x0000000020000418                uwTick
 .bss.__malloc_free_list
                0x000000002000041c        0x4 e:/stm32cubeide_1.11.0/stm32cubeide/plugins/com.st.stm32cube.ide.mcu.externaltools.gnu-tools-for-stm32.10.3-2021.10.win32_1.0.100.202210260954/tools/bin/../lib/gcc/arm-none-eabi/10.3.1/../../../../arm-none-eabi/lib/thumb/v7e-m+fp/hard\libc_nano.a(lib_a-nano-mallocr.o)
                0x000000002000041c                __malloc_free_list
 .bss.__malloc_sbrk_start
                0x0000000020000420        0x4 e:/stm32cubeide_1.11.0/stm32cubeide/plugins/com.st.stm32cube.ide.mcu.externaltools.gnu-tools-for-stm32.10.3-2021.10.win32_1.0.100.202210260954/tools/bin/../lib/gcc/arm-none-eabi/10.3.1/../../../../arm-none-eabi/lib/thumb/v7e-m+fp/hard\libc_nano.a(lib_a-nano-mallocr.o)
                0x0000000020000420                __malloc_sbrk_start
 .bss.errno     0x0000000020000424        0x4 e:/stm32cubeide_1.11.0/stm32cubeide/plugins/com.st.stm32cube.ide.mcu.externaltools.gnu-tools-for-stm32.10.3-2021.10.win32_1.0.100.202210260954/tools/bin/../lib/gcc/arm-none-eabi/10.3.1/../../../../arm-none-eabi/lib/thumb/v7e-m+fp/hard\libc_nano.a(lib_a-reent.o)
                0x0000000020000424                errno
 .bss.__lock___malloc_recursive_mutex
                0x0000000020000428        0x1 e:/stm32cubeide_1.11.0/stm32cubeide/plugins/com.st.stm32cube.ide.mcu.externaltools.gnu-tools-for-stm32.10.3-2021.10.win32_1.0.100.202210260954/tools/bin/../lib/gcc/arm-none-eabi/10.3.1/../../../../arm-none-eabi/lib/thumb/v7e-m+fp/hard\libc_nano.a(lib_a-lock.o)
                0x0000000020000428                __lock___malloc_recursive_mutex
 *(COMMON)
                0x000000002000042c                . = ALIGN (0x4)
 *fill*         0x0000000020000429        0x3 
                0x000000002000042c                _ebss = .
                0x000000002000042c                __bss_end__ = _ebss

._user_heap_stack
                0x000000002000042c      0x604
                0x0000000020000430                . = ALIGN (0x8)
 *fill*         0x000000002000042c        0x4 
                [!provide]                        PROVIDE (end = .)
                0x0000000020000430                PROVIDE (_end = .)
                0x0000000020000630                . = (. + _Min_Heap_Size)
 *fill*         0x0000000020000430      0x200 
                0x0000000020000a30                . = (. + _Min_Stack_Size)
 *fill*         0x0000000020000630      0x400 
                0x0000000020000a30                . = ALIGN (0x8)

/DISCARD/
 libc.a(*)
 libm.a(*)
 libgcc.a(*)

.ARM.attributes
                0x0000000000000000       0x30
 *(.ARM.attributes)
 .ARM.attributes
                0x0000000000000000       0x1e e:/stm32cubeide_1.11.0/stm32cubeide/plugins/com.st.stm32cube.ide.mcu.externaltools.gnu-tools-for-stm32.10.3-2021.10.win32_1.0.100.202210260954/tools/bin/../lib/gcc/arm-none-eabi/10.3.1/thumb/v7e-m+fp/hard/crti.o
 .ARM.attributes
                0x000000000000001e       0x34 e:/stm32cubeide_1.11.0/stm32cubeide/plugins/com.st.stm32cube.ide.mcu.externaltools.gnu-tools-for-stm32.10.3-2021.10.win32_1.0.100.202210260954/tools/bin/../lib/gcc/arm-none-eabi/10.3.1/thumb/v7e-m+fp/hard/crtbegin.o
 .ARM.attributes
                0x0000000000000052       0x34 ./Core/Src/LCD_display.o
 .ARM.attributes
                0x0000000000000086       0x34 ./Core/Src/fonts.o
 .ARM.attributes
                0x00000000000000ba       0x34 ./Core/Src/main.o
 .ARM.attributes
                0x00000000000000ee       0x34 ./Core/Src/st7789.o
 .ARM.attributes
                0x0000000000000122       0x34 ./Core/Src/stm32f4xx_hal_msp.o
 .ARM.attributes
                0x0000000000000156       0x34 ./Core/Src/stm32f4xx_it.o
 .ARM.attributes
                0x000000000000018a       0x34 ./Core/Src/sysmem.o
 .ARM.attributes
                0x00000000000001be       0x34 ./Core/Src/system_stm32f4xx.o
 .ARM.attributes
                0x00000000000001f2       0x34 ./Core/Src/timer.o
 .ARM.attributes
                0x0000000000000226       0x21 ./Core/Startup/startup_stm32f405rgtx.o
 .ARM.attributes
                0x0000000000000247       0x34 ./Drivers/STM32F4xx_HAL_Driver/Src/stm32f4xx_hal.o
 .ARM.attributes
                0x000000000000027b       0x34 ./Drivers/STM32F4xx_HAL_Driver/Src/stm32f4xx_hal_adc.o
 .ARM.attributes
                0x00000000000002af       0x34 ./Drivers/STM32F4xx_HAL_Driver/Src/stm32f4xx_hal_can.o
 .ARM.attributes
                0x00000000000002e3       0x34 ./Drivers/STM32F4xx_HAL_Driver/Src/stm32f4xx_hal_cortex.o
 .ARM.attributes
                0x0000000000000317       0x34 ./Drivers/STM32F4xx_HAL_Driver/Src/stm32f4xx_hal_gpio.o
 .ARM.attributes
                0x000000000000034b       0x34 ./Drivers/STM32F4xx_HAL_Driver/Src/stm32f4xx_hal_rcc.o
 .ARM.attributes
                0x000000000000037f       0x34 ./Drivers/STM32F4xx_HAL_Driver/Src/stm32f4xx_hal_spi.o
 .ARM.attributes
                0x00000000000003b3       0x34 ./Drivers/STM32F4xx_HAL_Driver/Src/stm32f4xx_hal_tim.o
 .ARM.attributes
                0x00000000000003e7       0x34 ./Drivers/STM32F4xx_HAL_Driver/Src/stm32f4xx_hal_tim_ex.o
 .ARM.attributes
                0x000000000000041b       0x34 e:/stm32cubeide_1.11.0/stm32cubeide/plugins/com.st.stm32cube.ide.mcu.externaltools.gnu-tools-for-stm32.10.3-2021.10.win32_1.0.100.202210260954/tools/bin/../lib/gcc/arm-none-eabi/10.3.1/../../../../arm-none-eabi/lib/thumb/v7e-m+fp/hard\libc_nano.a(lib_a-errno.o)
 .ARM.attributes
                0x000000000000044f       0x34 e:/stm32cubeide_1.11.0/stm32cubeide/plugins/com.st.stm32cube.ide.mcu.externaltools.gnu-tools-for-stm32.10.3-2021.10.win32_1.0.100.202210260954/tools/bin/../lib/gcc/arm-none-eabi/10.3.1/../../../../arm-none-eabi/lib/thumb/v7e-m+fp/hard\libc_nano.a(lib_a-impure.o)
 .ARM.attributes
                0x0000000000000483       0x34 e:/stm32cubeide_1.11.0/stm32cubeide/plugins/com.st.stm32cube.ide.mcu.externaltools.gnu-tools-for-stm32.10.3-2021.10.win32_1.0.100.202210260954/tools/bin/../lib/gcc/arm-none-eabi/10.3.1/../../../../arm-none-eabi/lib/thumb/v7e-m+fp/hard\libc_nano.a(lib_a-init.o)
 .ARM.attributes
                0x00000000000004b7       0x34 e:/stm32cubeide_1.11.0/stm32cubeide/plugins/com.st.stm32cube.ide.mcu.externaltools.gnu-tools-for-stm32.10.3-2021.10.win32_1.0.100.202210260954/tools/bin/../lib/gcc/arm-none-eabi/10.3.1/../../../../arm-none-eabi/lib/thumb/v7e-m+fp/hard\libc_nano.a(lib_a-memset.o)
 .ARM.attributes
                0x00000000000004eb       0x34 e:/stm32cubeide_1.11.0/stm32cubeide/plugins/com.st.stm32cube.ide.mcu.externaltools.gnu-tools-for-stm32.10.3-2021.10.win32_1.0.100.202210260954/tools/bin/../lib/gcc/arm-none-eabi/10.3.1/../../../../arm-none-eabi/lib/thumb/v7e-m+fp/hard\libc_nano.a(lib_a-sprintf.o)
 .ARM.attributes
                0x000000000000051f       0x34 e:/stm32cubeide_1.11.0/stm32cubeide/plugins/com.st.stm32cube.ide.mcu.externaltools.gnu-tools-for-stm32.10.3-2021.10.win32_1.0.100.202210260954/tools/bin/../lib/gcc/arm-none-eabi/10.3.1/../../../../arm-none-eabi/lib/thumb/v7e-m+fp/hard\libc_nano.a(lib_a-nano-svfprintf.o)
 .ARM.attributes
                0x0000000000000553       0x34 e:/stm32cubeide_1.11.0/stm32cubeide/plugins/com.st.stm32cube.ide.mcu.externaltools.gnu-tools-for-stm32.10.3-2021.10.win32_1.0.100.202210260954/tools/bin/../lib/gcc/arm-none-eabi/10.3.1/../../../../arm-none-eabi/lib/thumb/v7e-m+fp/hard\libc_nano.a(lib_a-nano-vfprintf_i.o)
 .ARM.attributes
                0x0000000000000587       0x1c e:/stm32cubeide_1.11.0/stm32cubeide/plugins/com.st.stm32cube.ide.mcu.externaltools.gnu-tools-for-stm32.10.3-2021.10.win32_1.0.100.202210260954/tools/bin/../lib/gcc/arm-none-eabi/10.3.1/../../../../arm-none-eabi/lib/thumb/v7e-m+fp/hard\libc_nano.a(lib_a-memchr.o)
 .ARM.attributes
                0x00000000000005a3       0x34 e:/stm32cubeide_1.11.0/stm32cubeide/plugins/com.st.stm32cube.ide.mcu.externaltools.gnu-tools-for-stm32.10.3-2021.10.win32_1.0.100.202210260954/tools/bin/../lib/gcc/arm-none-eabi/10.3.1/../../../../arm-none-eabi/lib/thumb/v7e-m+fp/hard\libc_nano.a(lib_a-memcpy-stub.o)
 .ARM.attributes
                0x00000000000005d7       0x34 e:/stm32cubeide_1.11.0/stm32cubeide/plugins/com.st.stm32cube.ide.mcu.externaltools.gnu-tools-for-stm32.10.3-2021.10.win32_1.0.100.202210260954/tools/bin/../lib/gcc/arm-none-eabi/10.3.1/../../../../arm-none-eabi/lib/thumb/v7e-m+fp/hard\libc_nano.a(lib_a-memmove.o)
 .ARM.attributes
                0x000000000000060b       0x34 e:/stm32cubeide_1.11.0/stm32cubeide/plugins/com.st.stm32cube.ide.mcu.externaltools.gnu-tools-for-stm32.10.3-2021.10.win32_1.0.100.202210260954/tools/bin/../lib/gcc/arm-none-eabi/10.3.1/../../../../arm-none-eabi/lib/thumb/v7e-m+fp/hard\libc_nano.a(lib_a-nano-freer.o)
 .ARM.attributes
                0x000000000000063f       0x34 e:/stm32cubeide_1.11.0/stm32cubeide/plugins/com.st.stm32cube.ide.mcu.externaltools.gnu-tools-for-stm32.10.3-2021.10.win32_1.0.100.202210260954/tools/bin/../lib/gcc/arm-none-eabi/10.3.1/../../../../arm-none-eabi/lib/thumb/v7e-m+fp/hard\libc_nano.a(lib_a-nano-mallocr.o)
 .ARM.attributes
                0x0000000000000673       0x34 e:/stm32cubeide_1.11.0/stm32cubeide/plugins/com.st.stm32cube.ide.mcu.externaltools.gnu-tools-for-stm32.10.3-2021.10.win32_1.0.100.202210260954/tools/bin/../lib/gcc/arm-none-eabi/10.3.1/../../../../arm-none-eabi/lib/thumb/v7e-m+fp/hard\libc_nano.a(lib_a-nano-reallocr.o)
 .ARM.attributes
                0x00000000000006a7       0x34 e:/stm32cubeide_1.11.0/stm32cubeide/plugins/com.st.stm32cube.ide.mcu.externaltools.gnu-tools-for-stm32.10.3-2021.10.win32_1.0.100.202210260954/tools/bin/../lib/gcc/arm-none-eabi/10.3.1/../../../../arm-none-eabi/lib/thumb/v7e-m+fp/hard\libc_nano.a(lib_a-sbrkr.o)
 .ARM.attributes
                0x00000000000006db       0x34 e:/stm32cubeide_1.11.0/stm32cubeide/plugins/com.st.stm32cube.ide.mcu.externaltools.gnu-tools-for-stm32.10.3-2021.10.win32_1.0.100.202210260954/tools/bin/../lib/gcc/arm-none-eabi/10.3.1/../../../../arm-none-eabi/lib/thumb/v7e-m+fp/hard\libc_nano.a(lib_a-mlock.o)
 .ARM.attributes
                0x000000000000070f       0x34 e:/stm32cubeide_1.11.0/stm32cubeide/plugins/com.st.stm32cube.ide.mcu.externaltools.gnu-tools-for-stm32.10.3-2021.10.win32_1.0.100.202210260954/tools/bin/../lib/gcc/arm-none-eabi/10.3.1/../../../../arm-none-eabi/lib/thumb/v7e-m+fp/hard\libc_nano.a(lib_a-nano-msizer.o)
 .ARM.attributes
                0x0000000000000743       0x34 e:/stm32cubeide_1.11.0/stm32cubeide/plugins/com.st.stm32cube.ide.mcu.externaltools.gnu-tools-for-stm32.10.3-2021.10.win32_1.0.100.202210260954/tools/bin/../lib/gcc/arm-none-eabi/10.3.1/../../../../arm-none-eabi/lib/thumb/v7e-m+fp/hard\libc_nano.a(lib_a-reent.o)
 .ARM.attributes
                0x0000000000000777       0x34 e:/stm32cubeide_1.11.0/stm32cubeide/plugins/com.st.stm32cube.ide.mcu.externaltools.gnu-tools-for-stm32.10.3-2021.10.win32_1.0.100.202210260954/tools/bin/../lib/gcc/arm-none-eabi/10.3.1/../../../../arm-none-eabi/lib/thumb/v7e-m+fp/hard\libc_nano.a(lib_a-lock.o)
 .ARM.attributes
                0x00000000000007ab       0x1e e:/stm32cubeide_1.11.0/stm32cubeide/plugins/com.st.stm32cube.ide.mcu.externaltools.gnu-tools-for-stm32.10.3-2021.10.win32_1.0.100.202210260954/tools/bin/../lib/gcc/arm-none-eabi/10.3.1/thumb/v7e-m+fp/hard\libgcc.a(_aeabi_uldivmod.o)
 .ARM.attributes
                0x00000000000007c9       0x34 e:/stm32cubeide_1.11.0/stm32cubeide/plugins/com.st.stm32cube.ide.mcu.externaltools.gnu-tools-for-stm32.10.3-2021.10.win32_1.0.100.202210260954/tools/bin/../lib/gcc/arm-none-eabi/10.3.1/thumb/v7e-m+fp/hard\libgcc.a(_udivmoddi4.o)
 .ARM.attributes
                0x00000000000007fd       0x1e e:/stm32cubeide_1.11.0/stm32cubeide/plugins/com.st.stm32cube.ide.mcu.externaltools.gnu-tools-for-stm32.10.3-2021.10.win32_1.0.100.202210260954/tools/bin/../lib/gcc/arm-none-eabi/10.3.1/thumb/v7e-m+fp/hard\libgcc.a(_dvmd_tls.o)
 .ARM.attributes
                0x000000000000081b       0x1e e:/stm32cubeide_1.11.0/stm32cubeide/plugins/com.st.stm32cube.ide.mcu.externaltools.gnu-tools-for-stm32.10.3-2021.10.win32_1.0.100.202210260954/tools/bin/../lib/gcc/arm-none-eabi/10.3.1/thumb/v7e-m+fp/hard/crtn.o
OUTPUT(Testing2.elf elf32-littlearm)
LOAD linker stubs
LOAD e:/stm32cubeide_1.11.0/stm32cubeide/plugins/com.st.stm32cube.ide.mcu.externaltools.gnu-tools-for-stm32.10.3-2021.10.win32_1.0.100.202210260954/tools/bin/../lib/gcc/arm-none-eabi/10.3.1/../../../../arm-none-eabi/lib/thumb/v7e-m+fp/hard\libc.a
LOAD e:/stm32cubeide_1.11.0/stm32cubeide/plugins/com.st.stm32cube.ide.mcu.externaltools.gnu-tools-for-stm32.10.3-2021.10.win32_1.0.100.202210260954/tools/bin/../lib/gcc/arm-none-eabi/10.3.1/../../../../arm-none-eabi/lib/thumb/v7e-m+fp/hard\libm.a
LOAD e:/stm32cubeide_1.11.0/stm32cubeide/plugins/com.st.stm32cube.ide.mcu.externaltools.gnu-tools-for-stm32.10.3-2021.10.win32_1.0.100.202210260954/tools/bin/../lib/gcc/arm-none-eabi/10.3.1/thumb/v7e-m+fp/hard\libgcc.a

.debug_info     0x0000000000000000    0x1099b
 .debug_info    0x0000000000000000      0xb63 ./Core/Src/LCD_display.o
 .debug_info    0x0000000000000b63      0x1fe ./Core/Src/fonts.o
 .debug_info    0x0000000000000d61     0x1e59 ./Core/Src/main.o
 .debug_info    0x0000000000002bba     0x125c ./Core/Src/st7789.o
 .debug_info    0x0000000000003e16     0x17a2 ./Core/Src/stm32f4xx_hal_msp.o
 .debug_info    0x00000000000055b8      0xb64 ./Core/Src/stm32f4xx_it.o
 .debug_info    0x000000000000611c      0x171 ./Core/Src/sysmem.o
 .debug_info    0x000000000000628d      0x523 ./Core/Src/system_stm32f4xx.o
 .debug_info    0x00000000000067b0      0x360 ./Core/Src/timer.o
 .debug_info    0x0000000000006b10       0x22 ./Core/Startup/startup_stm32f405rgtx.o
 .debug_info    0x0000000000006b32      0x96a ./Drivers/STM32F4xx_HAL_Driver/Src/stm32f4xx_hal.o
 .debug_info    0x000000000000749c      0xd70 ./Drivers/STM32F4xx_HAL_Driver/Src/stm32f4xx_hal_adc.o
 .debug_info    0x000000000000820c      0xfc0 ./Drivers/STM32F4xx_HAL_Driver/Src/stm32f4xx_hal_can.o
 .debug_info    0x00000000000091cc      0xe09 ./Drivers/STM32F4xx_HAL_Driver/Src/stm32f4xx_hal_cortex.o
 .debug_info    0x0000000000009fd5      0x76a ./Drivers/STM32F4xx_HAL_Driver/Src/stm32f4xx_hal_gpio.o
 .debug_info    0x000000000000a73f      0x966 ./Drivers/STM32F4xx_HAL_Driver/Src/stm32f4xx_hal_rcc.o
 .debug_info    0x000000000000b0a5     0x1758 ./Drivers/STM32F4xx_HAL_Driver/Src/stm32f4xx_hal_spi.o
 .debug_info    0x000000000000c7fd     0x2bbe ./Drivers/STM32F4xx_HAL_Driver/Src/stm32f4xx_hal_tim.o
 .debug_info    0x000000000000f3bb     0x15e0 ./Drivers/STM32F4xx_HAL_Driver/Src/stm32f4xx_hal_tim_ex.o

.debug_abbrev   0x0000000000000000     0x2499
 .debug_abbrev  0x0000000000000000      0x254 ./Core/Src/LCD_display.o
 .debug_abbrev  0x0000000000000254       0xcc ./Core/Src/fonts.o
 .debug_abbrev  0x0000000000000320      0x34c ./Core/Src/main.o
 .debug_abbrev  0x000000000000066c      0x27e ./Core/Src/st7789.o
 .debug_abbrev  0x00000000000008ea      0x234 ./Core/Src/stm32f4xx_hal_msp.o
 .debug_abbrev  0x0000000000000b1e      0x1c6 ./Core/Src/stm32f4xx_it.o
 .debug_abbrev  0x0000000000000ce4       0xbb ./Core/Src/sysmem.o
 .debug_abbrev  0x0000000000000d9f      0x116 ./Core/Src/system_stm32f4xx.o
 .debug_abbrev  0x0000000000000eb5       0xb0 ./Core/Src/timer.o
 .debug_abbrev  0x0000000000000f65       0x12 ./Core/Startup/startup_stm32f405rgtx.o
 .debug_abbrev  0x0000000000000f77      0x20d ./Drivers/STM32F4xx_HAL_Driver/Src/stm32f4xx_hal.o
 .debug_abbrev  0x0000000000001184      0x244 ./Drivers/STM32F4xx_HAL_Driver/Src/stm32f4xx_hal_adc.o
 .debug_abbrev  0x00000000000013c8      0x21d ./Drivers/STM32F4xx_HAL_Driver/Src/stm32f4xx_hal_can.o
 .debug_abbrev  0x00000000000015e5      0x316 ./Drivers/STM32F4xx_HAL_Driver/Src/stm32f4xx_hal_cortex.o
 .debug_abbrev  0x00000000000018fb      0x1c4 ./Drivers/STM32F4xx_HAL_Driver/Src/stm32f4xx_hal_gpio.o
 .debug_abbrev  0x0000000000001abf      0x2aa ./Drivers/STM32F4xx_HAL_Driver/Src/stm32f4xx_hal_rcc.o
 .debug_abbrev  0x0000000000001d69      0x26e ./Drivers/STM32F4xx_HAL_Driver/Src/stm32f4xx_hal_spi.o
 .debug_abbrev  0x0000000000001fd7      0x25d ./Drivers/STM32F4xx_HAL_Driver/Src/stm32f4xx_hal_tim.o
 .debug_abbrev  0x0000000000002234      0x265 ./Drivers/STM32F4xx_HAL_Driver/Src/stm32f4xx_hal_tim_ex.o

.debug_aranges  0x0000000000000000      0xfb8
 .debug_aranges
                0x0000000000000000       0x70 ./Core/Src/LCD_display.o
 .debug_aranges
                0x0000000000000070       0x18 ./Core/Src/fonts.o
 .debug_aranges
                0x0000000000000088       0xa0 ./Core/Src/main.o
 .debug_aranges
                0x0000000000000128       0xd0 ./Core/Src/st7789.o
 .debug_aranges
                0x00000000000001f8       0x60 ./Core/Src/stm32f4xx_hal_msp.o
 .debug_aranges
                0x0000000000000258       0x78 ./Core/Src/stm32f4xx_it.o
 .debug_aranges
                0x00000000000002d0       0x20 ./Core/Src/sysmem.o
 .debug_aranges
                0x00000000000002f0       0x28 ./Core/Src/system_stm32f4xx.o
 .debug_aranges
                0x0000000000000318       0x68 ./Core/Src/timer.o
 .debug_aranges
                0x0000000000000380       0x28 ./Core/Startup/startup_stm32f405rgtx.o
 .debug_aranges
                0x00000000000003a8       0xf0 ./Drivers/STM32F4xx_HAL_Driver/Src/stm32f4xx_hal.o
 .debug_aranges
                0x0000000000000498       0xe8 ./Drivers/STM32F4xx_HAL_Driver/Src/stm32f4xx_hal_adc.o
 .debug_aranges
                0x0000000000000580      0x138 ./Drivers/STM32F4xx_HAL_Driver/Src/stm32f4xx_hal_can.o
 .debug_aranges
                0x00000000000006b8      0x118 ./Drivers/STM32F4xx_HAL_Driver/Src/stm32f4xx_hal_cortex.o
 .debug_aranges
                0x00000000000007d0       0x58 ./Drivers/STM32F4xx_HAL_Driver/Src/stm32f4xx_hal_gpio.o
 .debug_aranges
                0x0000000000000828       0x88 ./Drivers/STM32F4xx_HAL_Driver/Src/stm32f4xx_hal_rcc.o
 .debug_aranges
                0x00000000000008b0      0x1d0 ./Drivers/STM32F4xx_HAL_Driver/Src/stm32f4xx_hal_spi.o
 .debug_aranges
                0x0000000000000a80      0x3d0 ./Drivers/STM32F4xx_HAL_Driver/Src/stm32f4xx_hal_tim.o
 .debug_aranges
                0x0000000000000e50      0x168 ./Drivers/STM32F4xx_HAL_Driver/Src/stm32f4xx_hal_tim_ex.o

.debug_ranges   0x0000000000000000      0xe88
 .debug_ranges  0x0000000000000000       0x60 ./Core/Src/LCD_display.o
 .debug_ranges  0x0000000000000060       0x90 ./Core/Src/main.o
 .debug_ranges  0x00000000000000f0       0xc0 ./Core/Src/st7789.o
 .debug_ranges  0x00000000000001b0       0x50 ./Core/Src/stm32f4xx_hal_msp.o
 .debug_ranges  0x0000000000000200       0x68 ./Core/Src/stm32f4xx_it.o
 .debug_ranges  0x0000000000000268       0x10 ./Core/Src/sysmem.o
 .debug_ranges  0x0000000000000278       0x18 ./Core/Src/system_stm32f4xx.o
 .debug_ranges  0x0000000000000290       0x58 ./Core/Src/timer.o
 .debug_ranges  0x00000000000002e8       0x20 ./Core/Startup/startup_stm32f405rgtx.o
 .debug_ranges  0x0000000000000308       0xe0 ./Drivers/STM32F4xx_HAL_Driver/Src/stm32f4xx_hal.o
 .debug_ranges  0x00000000000003e8       0xd8 ./Drivers/STM32F4xx_HAL_Driver/Src/stm32f4xx_hal_adc.o
 .debug_ranges  0x00000000000004c0      0x128 ./Drivers/STM32F4xx_HAL_Driver/Src/stm32f4xx_hal_can.o
 .debug_ranges  0x00000000000005e8      0x108 ./Drivers/STM32F4xx_HAL_Driver/Src/stm32f4xx_hal_cortex.o
 .debug_ranges  0x00000000000006f0       0x48 ./Drivers/STM32F4xx_HAL_Driver/Src/stm32f4xx_hal_gpio.o
 .debug_ranges  0x0000000000000738       0x78 ./Drivers/STM32F4xx_HAL_Driver/Src/stm32f4xx_hal_rcc.o
 .debug_ranges  0x00000000000007b0      0x1c0 ./Drivers/STM32F4xx_HAL_Driver/Src/stm32f4xx_hal_spi.o
 .debug_ranges  0x0000000000000970      0x3c0 ./Drivers/STM32F4xx_HAL_Driver/Src/stm32f4xx_hal_tim.o
 .debug_ranges  0x0000000000000d30      0x158 ./Drivers/STM32F4xx_HAL_Driver/Src/stm32f4xx_hal_tim_ex.o

.debug_macro    0x0000000000000000    0x21573
 .debug_macro   0x0000000000000000      0x228 ./Core/Src/LCD_display.o
 .debug_macro   0x0000000000000228      0xa78 ./Core/Src/LCD_display.o
 .debug_macro   0x0000000000000ca0      0x2a7 ./Core/Src/LCD_display.o
 .debug_macro   0x0000000000000f47       0x2e ./Core/Src/LCD_display.o
 .debug_macro   0x0000000000000f75       0x2f ./Core/Src/LCD_display.o
 .debug_macro   0x0000000000000fa4       0x22 ./Core/Src/LCD_display.o
 .debug_macro   0x0000000000000fc6       0x8e ./Core/Src/LCD_display.o
 .debug_macro   0x0000000000001054       0x51 ./Core/Src/LCD_display.o
 .debug_macro   0x00000000000010a5      0x103 ./Core/Src/LCD_display.o
 .debug_macro   0x00000000000011a8       0x6a ./Core/Src/LCD_display.o
 .debug_macro   0x0000000000001212      0x1df ./Core/Src/LCD_display.o
 .debug_macro   0x00000000000013f1       0x1c ./Core/Src/LCD_display.o
 .debug_macro   0x000000000000140d       0x22 ./Core/Src/LCD_display.o
 .debug_macro   0x000000000000142f       0xd9 ./Core/Src/LCD_display.o
 .debug_macro   0x0000000000001508     0x102d ./Core/Src/LCD_display.o
 .debug_macro   0x0000000000002535      0x11f ./Core/Src/LCD_display.o
 .debug_macro   0x0000000000002654    0x1426d ./Core/Src/LCD_display.o
 .debug_macro   0x00000000000168c1       0x6d ./Core/Src/LCD_display.o
 .debug_macro   0x000000000001692e     0x367e ./Core/Src/LCD_display.o
 .debug_macro   0x0000000000019fac      0x174 ./Core/Src/LCD_display.o
 .debug_macro   0x000000000001a120       0x5c ./Core/Src/LCD_display.o
 .debug_macro   0x000000000001a17c      0x8a7 ./Core/Src/LCD_display.o
 .debug_macro   0x000000000001aa23      0x9fe ./Core/Src/LCD_display.o
 .debug_macro   0x000000000001b421      0x115 ./Core/Src/LCD_display.o
 .debug_macro   0x000000000001b536      0x130 ./Core/Src/LCD_display.o
 .debug_macro   0x000000000001b666       0xa5 ./Core/Src/LCD_display.o
 .debug_macro   0x000000000001b70b      0x174 ./Core/Src/LCD_display.o
 .debug_macro   0x000000000001b87f      0x287 ./Core/Src/LCD_display.o
 .debug_macro   0x000000000001bb06       0x5f ./Core/Src/LCD_display.o
 .debug_macro   0x000000000001bb65      0x236 ./Core/Src/LCD_display.o
 .debug_macro   0x000000000001bd9b      0xb5b ./Core/Src/LCD_display.o
 .debug_macro   0x000000000001c8f6      0x38b ./Core/Src/LCD_display.o
 .debug_macro   0x000000000001cc81      0x176 ./Core/Src/LCD_display.o
 .debug_macro   0x000000000001cdf7       0xf9 ./Core/Src/LCD_display.o
 .debug_macro   0x000000000001cef0      0x40f ./Core/Src/LCD_display.o
 .debug_macro   0x000000000001d2ff      0x12c ./Core/Src/LCD_display.o
 .debug_macro   0x000000000001d42b      0x21e ./Core/Src/LCD_display.o
 .debug_macro   0x000000000001d649       0x2e ./Core/Src/LCD_display.o
 .debug_macro   0x000000000001d677      0x11a ./Core/Src/LCD_display.o
 .debug_macro   0x000000000001d791       0x7e ./Core/Src/LCD_display.o
 .debug_macro   0x000000000001d80f       0x89 ./Core/Src/LCD_display.o
 .debug_macro   0x000000000001d898      0x225 ./Core/Src/LCD_display.o
 .debug_macro   0x000000000001dabd      0x8e6 ./Core/Src/LCD_display.o
 .debug_macro   0x000000000001e3a3       0x47 ./Core/Src/LCD_display.o
 .debug_macro   0x000000000001e3ea      0x12d ./Core/Src/LCD_display.o
 .debug_macro   0x000000000001e517       0x28 ./Core/Src/LCD_display.o
 .debug_macro   0x000000000001e53f       0xc4 ./Core/Src/LCD_display.o
 .debug_macro   0x000000000001e603       0x6d ./Core/Src/fonts.o
 .debug_macro   0x000000000001e670      0x3ea ./Core/Src/main.o
 .debug_macro   0x000000000001ea5a       0x52 ./Core/Src/main.o
 .debug_macro   0x000000000001eaac       0x1e ./Core/Src/main.o
 .debug_macro   0x000000000001eaca       0x3c ./Core/Src/main.o
 .debug_macro   0x000000000001eb06       0x34 ./Core/Src/main.o
 .debug_macro   0x000000000001eb3a       0x16 ./Core/Src/main.o
 .debug_macro   0x000000000001eb50       0x43 ./Core/Src/main.o
 .debug_macro   0x000000000001eb93       0x34 ./Core/Src/main.o
 .debug_macro   0x000000000001ebc7       0x10 ./Core/Src/main.o
 .debug_macro   0x000000000001ebd7       0x58 ./Core/Src/main.o
 .debug_macro   0x000000000001ec2f       0x71 ./Core/Src/main.o
 .debug_macro   0x000000000001eca0       0x1c ./Core/Src/main.o
 .debug_macro   0x000000000001ecbc      0x12a ./Core/Src/main.o
 .debug_macro   0x000000000001ede6      0x341 ./Core/Src/main.o
 .debug_macro   0x000000000001f127       0x10 ./Core/Src/main.o
 .debug_macro   0x000000000001f137       0x35 ./Core/Src/main.o
 .debug_macro   0x000000000001f16c       0x20 ./Core/Src/main.o
 .debug_macro   0x000000000001f18c       0x1c ./Core/Src/main.o
 .debug_macro   0x000000000001f1a8       0x10 ./Core/Src/main.o
 .debug_macro   0x000000000001f1b8       0x10 ./Core/Src/main.o
 .debug_macro   0x000000000001f1c8       0x1c ./Core/Src/main.o
 .debug_macro   0x000000000001f1e4       0x52 ./Core/Src/main.o
 .debug_macro   0x000000000001f236       0x22 ./Core/Src/main.o
 .debug_macro   0x000000000001f258       0x10 ./Core/Src/main.o
 .debug_macro   0x000000000001f268       0x52 ./Core/Src/main.o
 .debug_macro   0x000000000001f2ba       0xd5 ./Core/Src/main.o
 .debug_macro   0x000000000001f38f       0x1c ./Core/Src/main.o
 .debug_macro   0x000000000001f3ab       0x3d ./Core/Src/main.o
 .debug_macro   0x000000000001f3e8       0x16 ./Core/Src/main.o
 .debug_macro   0x000000000001f3fe      0x145 ./Core/Src/main.o
 .debug_macro   0x000000000001f543      0x1e8 ./Core/Src/main.o
 .debug_macro   0x000000000001f72b      0x228 ./Core/Src/st7789.o
 .debug_macro   0x000000000001f953      0x20f ./Core/Src/stm32f4xx_hal_msp.o
 .debug_macro   0x000000000001fb62      0x219 ./Core/Src/stm32f4xx_it.o
 .debug_macro   0x000000000001fd7b       0xff ./Core/Src/sysmem.o
 .debug_macro   0x000000000001fe7a      0x23b ./Core/Src/sysmem.o
 .debug_macro   0x00000000000200b5      0x200 ./Core/Src/system_stm32f4xx.o
 .debug_macro   0x00000000000202b5       0x1b ./Core/Src/timer.o
 .debug_macro   0x00000000000202d0      0x260 ./Drivers/STM32F4xx_HAL_Driver/Src/stm32f4xx_hal.o
 .debug_macro   0x0000000000020530      0x201 ./Drivers/STM32F4xx_HAL_Driver/Src/stm32f4xx_hal_adc.o
 .debug_macro   0x0000000000020731      0x208 ./Drivers/STM32F4xx_HAL_Driver/Src/stm32f4xx_hal_can.o
 .debug_macro   0x0000000000020939      0x200 ./Drivers/STM32F4xx_HAL_Driver/Src/stm32f4xx_hal_cortex.o
 .debug_macro   0x0000000000020b39      0x206 ./Drivers/STM32F4xx_HAL_Driver/Src/stm32f4xx_hal_gpio.o
 .debug_macro   0x0000000000020d3f      0x224 ./Drivers/STM32F4xx_HAL_Driver/Src/stm32f4xx_hal_rcc.o
 .debug_macro   0x0000000000020f63      0x20f ./Drivers/STM32F4xx_HAL_Driver/Src/stm32f4xx_hal_spi.o
 .debug_macro   0x0000000000021172      0x201 ./Drivers/STM32F4xx_HAL_Driver/Src/stm32f4xx_hal_tim.o
 .debug_macro   0x0000000000021373      0x200 ./Drivers/STM32F4xx_HAL_Driver/Src/stm32f4xx_hal_tim_ex.o

.debug_line     0x0000000000000000    0x10970
 .debug_line    0x0000000000000000      0xa2a ./Core/Src/LCD_display.o
 .debug_line    0x0000000000000a2a      0x37b ./Core/Src/fonts.o
 .debug_line    0x0000000000000da5      0xd50 ./Core/Src/main.o
 .debug_line    0x0000000000001af5      0xdc8 ./Core/Src/st7789.o
 .debug_line    0x00000000000028bd      0x8a8 ./Core/Src/stm32f4xx_hal_msp.o
 .debug_line    0x0000000000003165      0x81f ./Core/Src/stm32f4xx_it.o
 .debug_line    0x0000000000003984      0x4e5 ./Core/Src/sysmem.o
 .debug_line    0x0000000000003e69      0x796 ./Core/Src/system_stm32f4xx.o
 .debug_line    0x00000000000045ff      0x213 ./Core/Src/timer.o
 .debug_line    0x0000000000004812       0x88 ./Core/Startup/startup_stm32f405rgtx.o
 .debug_line    0x000000000000489a      0x9fc ./Drivers/STM32F4xx_HAL_Driver/Src/stm32f4xx_hal.o
 .debug_line    0x0000000000005296     0x1272 ./Drivers/STM32F4xx_HAL_Driver/Src/stm32f4xx_hal_adc.o
 .debug_line    0x0000000000006508     0x1168 ./Drivers/STM32F4xx_HAL_Driver/Src/stm32f4xx_hal_can.o
 .debug_line    0x0000000000007670      0xcab ./Drivers/STM32F4xx_HAL_Driver/Src/stm32f4xx_hal_cortex.o
 .debug_line    0x000000000000831b      0xb70 ./Drivers/STM32F4xx_HAL_Driver/Src/stm32f4xx_hal_gpio.o
 .debug_line    0x0000000000008e8b      0xd76 ./Drivers/STM32F4xx_HAL_Driver/Src/stm32f4xx_hal_rcc.o
 .debug_line    0x0000000000009c01     0x1c86 ./Drivers/STM32F4xx_HAL_Driver/Src/stm32f4xx_hal_spi.o
 .debug_line    0x000000000000b887     0x36f0 ./Drivers/STM32F4xx_HAL_Driver/Src/stm32f4xx_hal_tim.o
 .debug_line    0x000000000000ef77     0x19f9 ./Drivers/STM32F4xx_HAL_Driver/Src/stm32f4xx_hal_tim_ex.o

.debug_str      0x0000000000000000    0xcfc62
 .debug_str     0x0000000000000000    0xc6f37 ./Core/Src/LCD_display.o
                                      0xc7224 (size before relaxing)
 .debug_str     0x00000000000c6f37       0x76 ./Core/Src/fonts.o
                                       0x3c5c (size before relaxing)
 .debug_str     0x00000000000c6fad     0x51b0 ./Core/Src/main.o
                                      0xcc330 (size before relaxing)
 .debug_str     0x00000000000cc15d      0x275 ./Core/Src/st7789.o
                                      0xc76e9 (size before relaxing)
 .debug_str     0x00000000000cc3d2      0x5f1 ./Core/Src/stm32f4xx_hal_msp.o
                                      0xc7a86 (size before relaxing)
 .debug_str     0x00000000000cc9c3      0x127 ./Core/Src/stm32f4xx_it.o
                                      0xc7106 (size before relaxing)
 .debug_str     0x00000000000ccaea      0x4da ./Core/Src/sysmem.o
                                       0x5d8f (size before relaxing)
 .debug_str     0x00000000000ccfc4       0xdb ./Core/Src/system_stm32f4xx.o
                                      0xc6991 (size before relaxing)
 .debug_str     0x00000000000cd09f      0x154 ./Core/Src/timer.o
                                       0x2e24 (size before relaxing)
 .debug_str     0x00000000000cd1f3       0x50 ./Core/Startup/startup_stm32f405rgtx.o
 .debug_str     0x00000000000cd243      0x603 ./Drivers/STM32F4xx_HAL_Driver/Src/stm32f4xx_hal.o
                                      0xc74f4 (size before relaxing)
 .debug_str     0x00000000000cd846      0x28a ./Drivers/STM32F4xx_HAL_Driver/Src/stm32f4xx_hal_adc.o
                                      0xc6f7e (size before relaxing)
 .debug_str     0x00000000000cdad0      0x3a9 ./Drivers/STM32F4xx_HAL_Driver/Src/stm32f4xx_hal_can.o
                                      0xc707d (size before relaxing)
 .debug_str     0x00000000000cde79      0x326 ./Drivers/STM32F4xx_HAL_Driver/Src/stm32f4xx_hal_cortex.o
                                      0xc7227 (size before relaxing)
 .debug_str     0x00000000000ce19f      0x121 ./Drivers/STM32F4xx_HAL_Driver/Src/stm32f4xx_hal_gpio.o
                                      0xc6b0c (size before relaxing)
 .debug_str     0x00000000000ce2c0      0x233 ./Drivers/STM32F4xx_HAL_Driver/Src/stm32f4xx_hal_rcc.o
                                      0xc6dc5 (size before relaxing)
 .debug_str     0x00000000000ce4f3      0x53c ./Drivers/STM32F4xx_HAL_Driver/Src/stm32f4xx_hal_spi.o
                                      0xc7255 (size before relaxing)
 .debug_str     0x00000000000cea2f      0xda0 ./Drivers/STM32F4xx_HAL_Driver/Src/stm32f4xx_hal_tim.o
                                      0xc7d0b (size before relaxing)
 .debug_str     0x00000000000cf7cf      0x493 ./Drivers/STM32F4xx_HAL_Driver/Src/stm32f4xx_hal_tim_ex.o
                                      0xc7527 (size before relaxing)

.comment        0x0000000000000000       0x50
 .comment       0x0000000000000000       0x50 ./Core/Src/LCD_display.o
                                         0x51 (size before relaxing)
 .comment       0x0000000000000050       0x51 ./Core/Src/fonts.o
 .comment       0x0000000000000050       0x51 ./Core/Src/main.o
 .comment       0x0000000000000050       0x51 ./Core/Src/st7789.o
 .comment       0x0000000000000050       0x51 ./Core/Src/stm32f4xx_hal_msp.o
 .comment       0x0000000000000050       0x51 ./Core/Src/stm32f4xx_it.o
 .comment       0x0000000000000050       0x51 ./Core/Src/sysmem.o
 .comment       0x0000000000000050       0x51 ./Core/Src/system_stm32f4xx.o
 .comment       0x0000000000000050       0x51 ./Core/Src/timer.o
 .comment       0x0000000000000050       0x51 ./Drivers/STM32F4xx_HAL_Driver/Src/stm32f4xx_hal.o
 .comment       0x0000000000000050       0x51 ./Drivers/STM32F4xx_HAL_Driver/Src/stm32f4xx_hal_adc.o
 .comment       0x0000000000000050       0x51 ./Drivers/STM32F4xx_HAL_Driver/Src/stm32f4xx_hal_can.o
 .comment       0x0000000000000050       0x51 ./Drivers/STM32F4xx_HAL_Driver/Src/stm32f4xx_hal_cortex.o
 .comment       0x0000000000000050       0x51 ./Drivers/STM32F4xx_HAL_Driver/Src/stm32f4xx_hal_gpio.o
 .comment       0x0000000000000050       0x51 ./Drivers/STM32F4xx_HAL_Driver/Src/stm32f4xx_hal_rcc.o
 .comment       0x0000000000000050       0x51 ./Drivers/STM32F4xx_HAL_Driver/Src/stm32f4xx_hal_spi.o
 .comment       0x0000000000000050       0x51 ./Drivers/STM32F4xx_HAL_Driver/Src/stm32f4xx_hal_tim.o
 .comment       0x0000000000000050       0x51 ./Drivers/STM32F4xx_HAL_Driver/Src/stm32f4xx_hal_tim_ex.o

.debug_frame    0x0000000000000000     0x4610
 .debug_frame   0x0000000000000000      0x1a0 ./Core/Src/LCD_display.o
 .debug_frame   0x00000000000001a0      0x23c ./Core/Src/main.o
 .debug_frame   0x00000000000003dc      0x398 ./Core/Src/st7789.o
 .debug_frame   0x0000000000000774      0x158 ./Core/Src/stm32f4xx_hal_msp.o
 .debug_frame   0x00000000000008cc      0x158 ./Core/Src/stm32f4xx_it.o
 .debug_frame   0x0000000000000a24       0x34 ./Core/Src/sysmem.o
 .debug_frame   0x0000000000000a58       0x58 ./Core/Src/system_stm32f4xx.o
 .debug_frame   0x0000000000000ab0      0x198 ./Core/Src/timer.o
 .debug_frame   0x0000000000000c48      0x374 ./Drivers/STM32F4xx_HAL_Driver/Src/stm32f4xx_hal.o
 .debug_frame   0x0000000000000fbc      0x3fc ./Drivers/STM32F4xx_HAL_Driver/Src/stm32f4xx_hal_adc.o
 .debug_frame   0x00000000000013b8      0x5a0 ./Drivers/STM32F4xx_HAL_Driver/Src/stm32f4xx_hal_can.o
 .debug_frame   0x0000000000001958      0x498 ./Drivers/STM32F4xx_HAL_Driver/Src/stm32f4xx_hal_cortex.o
 .debug_frame   0x0000000000001df0      0x14c ./Drivers/STM32F4xx_HAL_Driver/Src/stm32f4xx_hal_gpio.o
 .debug_frame   0x0000000000001f3c      0x1f4 ./Drivers/STM32F4xx_HAL_Driver/Src/stm32f4xx_hal_rcc.o
 .debug_frame   0x0000000000002130      0x824 ./Drivers/STM32F4xx_HAL_Driver/Src/stm32f4xx_hal_spi.o
 .debug_frame   0x0000000000002954     0x11c4 ./Drivers/STM32F4xx_HAL_Driver/Src/stm32f4xx_hal_tim.o
 .debug_frame   0x0000000000003b18      0x638 ./Drivers/STM32F4xx_HAL_Driver/Src/stm32f4xx_hal_tim_ex.o
 .debug_frame   0x0000000000004150       0x20 e:/stm32cubeide_1.11.0/stm32cubeide/plugins/com.st.stm32cube.ide.mcu.externaltools.gnu-tools-for-stm32.10.3-2021.10.win32_1.0.100.202210260954/tools/bin/../lib/gcc/arm-none-eabi/10.3.1/../../../../arm-none-eabi/lib/thumb/v7e-m+fp/hard\libc_nano.a(lib_a-errno.o)
 .debug_frame   0x0000000000004170       0x2c e:/stm32cubeide_1.11.0/stm32cubeide/plugins/com.st.stm32cube.ide.mcu.externaltools.gnu-tools-for-stm32.10.3-2021.10.win32_1.0.100.202210260954/tools/bin/../lib/gcc/arm-none-eabi/10.3.1/../../../../arm-none-eabi/lib/thumb/v7e-m+fp/hard\libc_nano.a(lib_a-init.o)
 .debug_frame   0x000000000000419c       0x20 e:/stm32cubeide_1.11.0/stm32cubeide/plugins/com.st.stm32cube.ide.mcu.externaltools.gnu-tools-for-stm32.10.3-2021.10.win32_1.0.100.202210260954/tools/bin/../lib/gcc/arm-none-eabi/10.3.1/../../../../arm-none-eabi/lib/thumb/v7e-m+fp/hard\libc_nano.a(lib_a-memset.o)
 .debug_frame   0x00000000000041bc       0x6c e:/stm32cubeide_1.11.0/stm32cubeide/plugins/com.st.stm32cube.ide.mcu.externaltools.gnu-tools-for-stm32.10.3-2021.10.win32_1.0.100.202210260954/tools/bin/../lib/gcc/arm-none-eabi/10.3.1/../../../../arm-none-eabi/lib/thumb/v7e-m+fp/hard\libc_nano.a(lib_a-sprintf.o)