../Core/Src/main.c:87:6:CAN1_filter_init	4	static
../Core/Src/main.c:100:6:CAN2_filter_init	4	static
../Core/Src/main.c:113:6:Tx1_message_define	4	static
../Core/Src/main.c:122:6:Tx2_message_define	4	static
../Core/Src/main.c:134:7:Tx1_data	4	static
../Core/Src/main.c:160:5:main	8	static
../Core/Src/main.c:242:6:SystemClock_Config	88	static
../Core/Src/main.c:289:13:MX_ADC1_Init	24	static
../Core/Src/main.c:341:13:MX_CAN1_Init	8	static
../Core/Src/main.c:378:13:MX_CAN2_Init	8	static
../Core/Src/main.c:415:13:MX_SPI1_Init	8	static
../Core/Src/main.c:453:13:MX_TIM2_Init	32	static
../Core/Src/main.c:498:13:MX_GPIO_Init	40	static
../Core/Src/main.c:538:6:HAL_TIM_PeriodElapsedCallback	16	static
../Core/Src/main.c:543:6:HAL_CAN_RxFifo0MsgPendingCallback	32	static
../Core/Src/main.c:574:6:HAL_CAN_RxFifo1MsgPendingCallback	32	static
../Core/Src/main.c:612:6:Error_Handler	4	static,ignoring_inline_asm
